******************************************************************************
                  TI ARM Linker PC v20.2.7                     
******************************************************************************
>> Linked Thu Jul 25 01:14:26 2024

OUTPUT FILE NAME:   <uartecho_MSP_EXP432E401Y_tirtos_ccs.out>
ENTRY POINT SYMBOL: "_c_int00"  address: 0000a63d


MEMORY CONFIGURATION

         name            origin    length      used     unused   attr    fill
----------------------  --------  ---------  --------  --------  ----  --------
  FLASH                 00000000   00100000  0000e926  000f16da  R  X
  SRAM                  20000000   00040000  00026e0d  000191f3  RW X


SEGMENT ALLOCATION MAP

run origin  load origin   length   init length attrs members
----------  ----------- ---------- ----------- ----- -------
00000000    00000000    0000e930   0000e930    r-x
  00000000    00000000    0000003c   0000003c    r-- .resetVecs
  00000040    00000040    0000d71a   0000d71a    r-x .text
  0000d75c    0000d75c    00000df8   00000df8    r-- .const
  0000e558    0000e558    000003d8   000003d8    r-- .cinit
20000360    20000360    00020000   00000000    r--
  20000360    20000360    00020000   00000000    r-- .priheap
20020400    20020400    000066ad   00000000    rw-
  20020400    20020400    00005df0   00000000    rw- .bss
  200261f0    200261f0    000008bd   00000000    rw- .data
2003fc00    2003fc00    00000400   00000000    rw-
  2003fc00    2003fc00    00000400   00000000    rw- .stack


SECTION ALLOCATION MAP

 output                                  attributes/
section   page    origin      length       input sections
--------  ----  ----------  ----------   ----------------
.text      0    00000040    0000d71a     
                  00000040    00000a4e     rtsv7M4_T_le_v4SPD16_eabi.lib : _printfi.c.obj (.text:__TI_printfi)
                  00000a8e    00000002     ti_drivers_config.obj (.text:Board_initHook)
                  00000a90    00000800     functionality.obj (.text:MSGParser_Reg)
                  00001290    00000678     infrastructure.obj (.text:help_reg)
                  00001908    00000448     infrastructure.obj (.text:Device_init)
                  00001d50    000003c0     functionality.obj (.text:MSGParser_Ticker)
                  00002110    00000384     functionality.obj (.text:MSGParser_Sine)
                  00002494    000002f0     drivers_msp432e4.aem4f : UARTMSP432E4.oem4f (.text:UARTMSP432E4_open)
                  00002784    000002ac     functionality.obj (.text:MSGParser_Callback)
                  00002a30    000002a0     sysbios.aem4f : BIOS.obj (.text:ti_sysbios_family_arm_msp432e4_init_Boot_sysCtlClockFreqSetI__I)
                  00002cd0    0000028e     parser.obj (.text:MSGParser)
                  00002f5e    00000002     drivers_msp432e4.aem4f : TimerMSP432E4.oem4f (.text:TimerMSP432E4_init)
                  00002f60    00000270     rtsv7M4_T_le_v4SPD16_eabi.lib : _printfi.c.obj (.text:_pconv_a)
                  000031d0    0000024e     infrastructure.obj (.text:help_if)
                  0000341e    0000023a     msp432e4_driverlib.a : gpio.o (.text:GPIOPadConfigSet)
                  00003658    00000214     drivers_msp432e4.aem4f : ADCBufMSP432E4.oem4f (.text:ADCBufMSP432E4_open)
                  0000386c    000001fe     functionality.obj (.text:MSGParser_GPIO)
                  00003a6a    000001fc     drivers_msp432e4.aem4f : SPIMSP432E4DMA.oem4f (.text:SPIMSP432E4DMA_transfer)
                  00003c66    00000002                            : UARTMSP432E4.oem4f (.text:UARTMSP432E4_init)
                  00003c68    000001e6     functionality.obj (.text:MSGParser_If)
                  00003e4e    00000002     rtsv7M4_T_le_v4SPD16_eabi.lib : _lock.c.obj (.text:_nop)
                  00003e50    000001dd     infrastructure.obj (.text:help_ticker)
                  0000402d    00000001     --HOLE-- [fill = 0]
                  0000402e    00000002     rtsv7M4_T_le_v4SPD16_eabi.lib : div0.asm.obj (.text)
                  00004030    000001d0                                   : _printfi.c.obj (.text:_pconv_g)
                  00004200    000001c0     drivers_msp432e4.aem4f : ADCBufMSP432E4.oem4f (.text:primeConvert)
                  000043c0    000001b6     rtsv7M4_T_le_v4SPD16_eabi.lib : fd_add_t2.asm.obj (.text)
                  00004576    00000002     release_pem4f.oem4f (.text:ti_sysbios_BIOS_nullFunc__I)
                  00004578    000001b4     drivers_msp432e4.aem4f : SPIMSP432E4DMA.oem4f (.text:SPIMSP432E4DMA_open)
                  0000472c    000001ac     tasks.obj (.text:taskUART0)
                  000048d8    000001a5     infrastructure.obj (.text:help_callback)
                  00004a7d    00000003     --HOLE-- [fill = 0]
                  00004a80    00000194     functionality.obj (.text:MSGParser_Script)
                  00004c14    00000192     infrastructure.obj (.text:help_gpio)
                  00004da6    00000002     --HOLE-- [fill = 0]
                  00004da8    00000192     infrastructure.obj (.text:help_script)
                  00004f3a    00000002     --HOLE-- [fill = 0]
                  00004f3c    0000018d     functionality.obj (.text:MSGParser_Help)
                  000050c9    00000003     --HOLE-- [fill = 0]
                  000050cc    00000184     drivers_msp432e4.aem4f : GPIOMSP432E4.oem4f (.text:GPIO_setConfig)
                  00005250    00000175     infrastructure.obj (.text:help_error)
                  000053c5    00000003     --HOLE-- [fill = 0]
                  000053c8    00000174     functionality.obj (.text:MSGParser_Memr)
                  0000553c    00000168     infrastructure.obj (.text:help)
                  000056a4    00000004     drivers_msp432e4.aem4f : ADCBufMSP432E4.oem4f (.text:ADCBufMSP432E4_getResolution)
                  000056a8    00000154     sysbios.aem4f : BIOS.obj (.text:ti_sysbios_knl_Task_Instance_finalize__E)
                  000057fc    00000150     functionality.obj (.text:MSGParser_Stream)
                  0000594c    00000140     drivers_msp432e4.aem4f : ADCBufMSP432E4.oem4f (.text:ADCBufMSP432E4_hwiIntFxn)
                  00005a8c    0000013c     rtsv7M4_T_le_v4SPD16_eabi.lib : _printfi.c.obj (.text:_pconv_e)
                  00005bc8    00000136                                   : fd_div_t2.asm.obj (.text)
                  00005cfe    00000002     --HOLE-- [fill = 0]
                  00005d00    00000130                                   : strtol.c.obj (.text:strtol)
                  00005e30    00000130     sysbios.aem4f : BIOS.obj (.text:ti_sysbios_knl_Semaphore_pend__E)
                  00005f60    0000012e     drivers_msp432e4.aem4f : SPIMSP432E4DMA.oem4f (.text:SPIMSP432E4DMA_transferCancel)
                  0000608e    00000002     --HOLE-- [fill = 0]
                  00006090    0000012c     infrastructure.obj (.text:checkRegIn)
                  000061bc    00000124     rtsv7M4_T_le_v4SPD16_eabi.lib : _printfi.c.obj (.text:fcvt)
                  000062e0    00000120     tasks.obj (.text:taskADCStream)
                  00006400    00000120     sysbios.aem4f : BIOS.obj (.text:xdc_runtime_Startup_startMods__I)
                  00006520    0000011c     drivers_msp432e4.aem4f : ADCBufMSP432E4.oem4f (.text:ADCBufMSP423E4_noDMAhwiIntFxn)
                  0000663c    00000118                            : TimerMSP432E4.oem4f (.text:TimerMSP432E4_open)
                  00006754    00000110     rtsv7M4_T_le_v4SPD16_eabi.lib : s_scalbn.c.obj (.text:scalbn)
                  00006864    00000004     dpl_msp432e4.aem4f : ClockP_tirtos.oem4f (.text:ClockP_getCpuFreq)
                  00006868    00000110     sysbios.aem4f : BIOS.obj (.text:ti_sysbios_knl_Task_postInit__I)
                  00006978    0000010c                   : BIOS.obj (.text:ti_sysbios_family_arm_lm4_Timer_start__E)
                  00006a84    00000107     infrastructure.obj (.text:help_timer)
                  00006b8b    00000001     --HOLE-- [fill = 0]
                  00006b8c    00000104     drivers_msp432e4.aem4f : SPIMSP432E4DMA.oem4f (.text:configNextTransfer)
                  00006c90    000000fc     functionality.obj (.text:MSGParser_Fs)
                  00006d8c    000000fc     rtsv7M4_T_le_v4SPD16_eabi.lib : fd_mul_t2.asm.obj (.text)
                  00006e88    000000f8     drivers_msp432e4.aem4f : ADCBufMSP432E4.oem4f (.text:ADCBufMSP432E4_close)
                  00006f80    000000f8     rtsv7M4_T_le_v4SPD16_eabi.lib : s_floor.c.obj (.text:floor)
                  00007078    000000f4     infrastructure.obj (.text:addchar)
                  0000716c    000000f0     sysbios.aem4f : m3_Hwi_asm.obj (.text:ti_sysbios_family_arm_m3_Hwi_dispatch__I)
                  0000725c    000000f0     msp432e4_driverlib.a : udma.o (.text:uDMAChannelTransferSet)
                  0000734c    000000ef     infrastructure.obj (.text:help_memr)
                  0000743b    00000001     --HOLE-- [fill = 0]
                  0000743c    000000ee     msp432e4_driverlib.a : adc.o (.text:ADCSequenceStepConfigure)
                  0000752a    00000002     --HOLE-- [fill = 0]
                  0000752c    000000ec     functionality.obj (.text:MSGParser_Timer)
                  00007618    000000e8     drivers_msp432e4.aem4f : SPIMSP432E4DMA.oem4f (.text:SPIMSP432E4DMA_hwiFxn)
                  00007700    000000e4     functionality.obj (.text:MSGParser_Audio)
                  000077e4    000000e3     infrastructure.obj (.text:help_uart)
                  000078c7    00000001     --HOLE-- [fill = 0]
                  000078c8    000000d8     infrastructure.obj (.text:escapeseq)
                  000079a0    000000d0     sysbios.aem4f : BIOS.obj (.text:ti_sysbios_heaps_HeapMem_alloc__E)
                  00007a70    000000c9     functionality.obj (.text:MSGParser_About)
                  00007b39    00000003     --HOLE-- [fill = 0]
                  00007b3c    000000c4     Callbacks.obj (.text:Swi_Ticker)
                  00007c00    000000c4     drivers_msp432e4.aem4f : ADCBufMSP432E4.oem4f (.text:configDMA)
                  00007cc4    000000c4     rtsv7M4_T_le_v4SPD16_eabi.lib : s_round.c.obj (.text:round)
                  00007d88    000000be     drivers_msp432e4.aem4f : UARTMSP432E4.oem4f (.text:UARTMSP432E4_close)
                  00007e46    00000002     --HOLE-- [fill = 0]
                  00007e48    000000bc     sysbios.aem4f : BIOS.obj (.text:ti_sysbios_knl_Task_exit__E)
                  00007f04    00000004     dpl_msp432e4.aem4f : ClockP_tirtos.oem4f (.text:ClockP_setTimeout)
                  00007f08    000000bc     sysbios.aem4f : BIOS.obj (.text:xdc_runtime_Core_createObject__I)
                  00007fc4    00000004     dpl_msp432e4.aem4f : ClockP_tirtos.oem4f (.text:ClockP_start)
                  00007fc8    000000b8     sysbios.aem4f : BIOS.obj (.text:ti_sysbios_family_arm_m3_Hwi_Instance_init__E)
                  00008080    000000b6     drivers_msp432e4.aem4f : UARTMSP432E4.oem4f (.text:readTaskCallback)
                  00008136    00000002     --HOLE-- [fill = 0]
                  00008138    000000b4     functionality.obj (.text:MSGParser_Error)
                  000081ec    000000b1     rtsv7M4_T_le_v4SPD16_eabi.lib : _printfi.c.obj (.text:_ltostr)
                  0000829d    00000001     --HOLE-- [fill = 0]
                  0000829e    000000b0     drivers_msp432e4.aem4f : UARTMSP432E4.oem4f (.text:readTaskBlocking)
                  0000834e    00000002     --HOLE-- [fill = 0]
                  00008350    000000b0     sysbios.aem4f : BIOS.obj (.text:ti_sysbios_family_arm_lm4_Timer_enableTiva__I)
                  00008400    000000ac     drivers_msp432e4.aem4f : GPIOMSP432E4.oem4f (.text:GPIO_init)
                  000084ac    000000a4     msp432e4_driverlib.a : gpio.o (.text:GPIOIntTypeSet)
                  00008550    000000a0     auto_init.aem4f : auto_init.oem4f (.text)
                  000085f0    0000009e     drivers_msp432e4.aem4f : UARTMSP432E4.oem4f (.text:UARTMSP432E4_readPolling)
                  0000868e    0000009c                            : SPIMSP432E4DMA.oem4f (.text:SPIMSP432E4DMA_close)
                  0000872a    00000002     --HOLE-- [fill = 0]
                  0000872c    0000009c                            : ADCBufMSP432E4.oem4f (.text:initHw)
                  000087c8    0000009c     rtsv7M4_T_le_v4SPD16_eabi.lib : memcpy_t2.asm.obj (.text)
                  00008864    00000098     drivers_msp432e4.aem4f : ADCBufMSP432E4.oem4f (.text:ADCBufMSP432E4_convertCancel)
                  000088fc    00000098                            : UARTMSP432E4.oem4f (.text:UARTMSP432E4_write)
                  00008994    00000096     rtsv7M4_T_le_v4SPD16_eabi.lib : ull_div_t2.asm.obj (.text)
                  00008a2a    00000002     --HOLE-- [fill = 0]
                  00008a2c    00000094     infrastructure.obj (.text:deletechar)
                  00008ac0    00000094     drivers_msp432e4.aem4f : UARTMSP432E4.oem4f (.text:readIsrTextBlocking)
                  00008b54    00000004     dpl_msp432e4.aem4f : ClockP_tirtos.oem4f (.text:ClockP_stop)
                  00008b58    00000094     sysbios.aem4f : BIOS.obj (.text:ti_sysbios_family_arm_m3_Hwi_initNVIC__E)
                  00008bec    00000090     drivers_msp432e4.aem4f : UARTMSP432E4.oem4f (.text:UARTMSP432E4_control)
                  00008c7c    00000090     infrastructure.obj (.text:addPayload)
                  00008d0c    00000004     dpl_msp432e4.aem4f : HwiP_tirtos.oem4f (.text:HwiP_clearInterrupt)
                  00008d10    00000090     sysbios.aem4f : BIOS.obj (.text:ti_sysbios_knl_Task_Module_startup__E)
                  00008da0    0000008c     msp432e4_driverlib.a : sysctl.o (.text:SysCtlPeripheralReset)
                  00008e2c    0000008c     sysbios.aem4f : m3_TaskSupport_asm.obj (.text:ti_sysbios_family_arm_m3_TaskSupport_buildTaskStack)
                  00008eb8    0000008c                   : BIOS.obj (.text:xdc_runtime_Memory_alloc__E)
                  00008f44    0000008b     infrastructure.obj (.text:help_print)
                  00008fcf    00000001     --HOLE-- [fill = 0]
                  00008fd0    00000088     drivers_msp432e4.aem4f : TimerMSP432E4.oem4f (.text:TimerMSP432E4_setPeriod)
                  00009058    00000088                            : UARTMSP432E4.oem4f (.text:readIsrTextCallback)
                  000090e0    00000086     rtsv7M4_T_le_v4SPD16_eabi.lib : fd_cmp_t2.asm.obj (.text:__aeabi_cdcmple)
                  00009166    00000086                                   : fd_cmp_t2.asm.obj (.text:__aeabi_cdrcmple)
                  000091ec    00000004     dpl_msp432e4.aem4f : HwiP_tirtos.oem4f (.text:HwiP_disable)
                  000091f0    00000086     sysbios.aem4f : BIOS.obj (.text:xdc_runtime_Core_constructObject__I)
                  00009276    00000002     --HOLE-- [fill = 0]
                  00009278    00000084                   : BIOS.obj (.text:ti_sysbios_family_arm_m3_Hwi_postInit__I)
                  000092fc    00000004     dpl_msp432e4.aem4f : HwiP_tirtos.oem4f (.text:HwiP_disableInterrupt)
                  00009300    00000084     sysbios.aem4f : BIOS.obj (.text:ti_sysbios_heaps_HeapMem_free__E)
                  00009384    00000004     dpl_msp432e4.aem4f : HwiP_tirtos.oem4f (.text:HwiP_enableInterrupt)
                  00009388    00000080     sysbios.aem4f : BIOS.obj (.text:ti_sysbios_knl_Clock_workFunc__E)
                  00009408    0000007c     infrastructure.obj (.text:loadScript)
                  00009484    0000007c     drivers_msp432e4.aem4f : UARTMSP432E4.oem4f (.text:writeData)
                  00009500    0000007a     msp432e4_driverlib.a : ssi.o (.text:SSIConfigSetExpClk)
                  0000957a    0000007a     rtsv7M4_T_le_v4SPD16_eabi.lib : memset_t2.asm.obj (.text)
                  000095f4    00000078     infrastructure.obj (.text:addError)
                  0000966c    00000076     msp432e4_driverlib.a : uart.o (.text:UARTConfigSetExpClk)
                  000096e2    00000002     --HOLE-- [fill = 0]
                  000096e4    00000074     Callbacks.obj (.text:Callback_ADCBuf)
                  00009758    00000074     sysbios.aem4f : BIOS.obj (.text:xdc_runtime_Core_deleteObject__I)
                  000097cc    00000073     infrastructure.obj (.text:help_about)
                  0000983f    00000001     --HOLE-- [fill = 0]
                  00009840    00000072     drivers_msp432e4.aem4f : TimerMSP432E4.oem4f (.text:TimerMSP432E4_start)
                  000098b2    00000002     --HOLE-- [fill = 0]
                  000098b4    00000070     infrastructure.obj (.text:loadCommand)
                  00009924    00000070     tasks.obj (.text:taskPayload)
                  00009994    00000004     drivers_msp432e4.aem4f : SPIMSP432E4DMA.oem4f (.text:SPIMSP432E4DMA_init)
                  00009998    00000070     sysbios.aem4f : BIOS.obj (.text:ti_sysbios_heaps_HeapMem_initPrimary__I)
                  00009a08    0000006e     rtsv7M4_T_le_v4SPD16_eabi.lib : _printfi.c.obj (.text:_mcpy)
                  00009a76    00000002     --HOLE-- [fill = 0]
                  00009a78    0000006c     drivers_msp432e4.aem4f : PowerMSP432E4.oem4f (.text:Power_releaseDependency)
                  00009ae4    00000004     dpl_msp432e4.aem4f : SemaphoreP_tirtos.oem4f (.text:SemaphoreP_post)
                  00009ae8    0000006c     sysbios.aem4f : BIOS.obj (.text:ti_sysbios_knl_Swi_restoreHwi__E)
                  00009b54    00000068     drivers_msp432e4.aem4f : GPIOMSP432E4.oem4f (.text:GPIO_hwiIntFxn)
                  00009bbc    00000068                            : PowerMSP432E4.oem4f (.text:Power_setDependency)
                  00009c24    00000068                            : TimerMSP432E4.oem4f (.text:TimerMSP432E4_allocateTimerResource)
                  00009c8c    00000068     rtsv7M4_T_le_v4SPD16_eabi.lib : copy_decompress_lzss.c.obj (.text:decompress:lzss:__TI_decompress_lzss)
                  00009cf4    00000068     drivers_msp432e4.aem4f : UARTMSP432E4.oem4f (.text:readIsrBinaryBlocking)
                  00009d5c    00000064                            : PowerMSP432E4.oem4f (.text:Power_init)
                  00009dc0    00000064     rtsv7M4_T_le_v4SPD16_eabi.lib : s_frexp.c.obj (.text:frexp)
                  00009e24    00000064     drivers_msp432e4.aem4f : UARTMSP432E4.oem4f (.text:readIsrBinaryCallback)
                  00009e88    00000064     sysbios.aem4f : BIOS.obj (.text:ti_sysbios_family_arm_lm4_Timer_Module_startup__E)
                  00009eec    00000004     release_pem4f.oem4f (.text:ti_sysbios_BIOS_RtsGateProxy_enter__E)
                  00009ef0    00000064     sysbios.aem4f : BIOS.obj (.text:ti_sysbios_family_arm_m3_Hwi_dispatchC__I)
                  00009f54    00000064     msp432e4_driverlib.a : udma.o (.text:uDMAChannelAttributeDisable)
                  00009fb8    00000060                          : timer.o (.text:TimerControlTrigger)
                  0000a018    00000060     infrastructure.obj (.text:addCommand)
                  0000a078    00000060     sysbios.aem4f : BIOS.obj (.text:ti_sysbios_knl_Semaphore_post__E)
                  0000a0d8    00000060                   : BIOS.obj (.text:ti_sysbios_knl_Swi_run__I)
                  0000a138    0000005c     drivers_msp432e4.aem4f : ADCBufMSP432E4.oem4f (.text:ADCBufMSP432E4_init)
                  0000a194    0000005c     infrastructure.obj (.text:ClearAudioBuffers)
                  0000a1f0    0000005c     msp432e4_driverlib.a : gpio.o (.text:GPIODirModeSet)
                  0000a24c    0000005c     Callbacks.obj (.text:Swi_RightSW2)
                  0000a2a8    0000005c     drivers_msp432e4.aem4f : ADCBufMSP432E4.oem4f (.text:completeConversion)
                  0000a304    0000005c                            : TimerMSP432E4.oem4f (.text:getPowerMgrId)
                  0000a360    0000005c                            : UARTMSP432E4.oem4f (.text:getPowerResourceId)
                  0000a3bc    00000004     release_pem4f.oem4f (.text:ti_sysbios_BIOS_RtsGateProxy_leave__E)
                  0000a3c0    0000005c     sysbios.aem4f : BIOS.obj (.text:ti_sysbios_knl_Swi_schedule__I)
                  0000a41c    00000004                   : BIOS.obj (.text:ti_sysbios_family_arm_lm4_Timer_masterEnable__I)
                  0000a420    0000005c                   : BIOS.obj (.text:ti_sysbios_knl_Task_startCore__E)
                  0000a47c    00000004     release_pem4f.oem4f (.text:ti_sysbios_family_arm_m3_Hwi_delete)
                  0000a480    0000005c     sysbios.aem4f : BIOS.obj (.text:xdc_runtime_Startup_exec__E)
                  0000a4dc    00000058     drivers_msp432e4.aem4f : GPIOMSP432E4.oem4f (.text:GPIO_setCallback)
                  0000a534    00000058     Callbacks.obj (.text:Swi_LeftSW1)
                  0000a58c    00000058     Callbacks.obj (.text:Swi_Timer0)
                  0000a5e4    00000058     drivers_msp432e4.aem4f : UDMAMSP432E4.oem4f (.text:UDMAMSP432E4_open)
                  0000a63c    00000058     boot.aem4f : boot.oem4f (.text)
                  0000a694    00000058     sysbios.aem4f : m3_Hwi_asm_switch.obj (.text:ti_sysbios_family_arm_m3_Hwi_initStacks__E)
                  0000a6ec    00000056     rtsv7M4_T_le_v4SPD16_eabi.lib : _printfi.c.obj (.text:_pconv_f)
                  0000a742    00000002     --HOLE-- [fill = 0]
                  0000a744    00000056     infrastructure.obj (.text:help_cls)
                  0000a79a    00000056     drivers_msp432e4.aem4f : SPIMSP432E4DMA.oem4f (.text:initHw)
                  0000a7f0    00000054                            : GPIOMSP432E4.oem4f (.text:GPIO_write)
                  0000a844    00000054     rtsv7M4_T_le_v4SPD16_eabi.lib : _ltoa.c.obj (.text:__TI_ltoa)
                  0000a898    00000054     sysbios.aem4f : BIOS.obj (.text:ti_sysbios_family_arm_lm4_Timer_initDevice__I)
                  0000a8ec    00000054     release_pem4f.oem4f (.text:ti_sysbios_family_arm_m3_Hwi_create)
                  0000a940    00000052     rtsv7M4_T_le_v4SPD16_eabi.lib : _printfi.c.obj (.text:_ecpy)
                  0000a992    00000002     --HOLE-- [fill = 0]
                  0000a994    00000050     drivers_msp432e4.aem4f : GPIOMSP432E4.oem4f (.text:GPIO_toggle)
                  0000a9e4    00000050     SinLUT.obj (.text:SinLUT)
                  0000aa34    00000050     drivers_msp432e4.aem4f : UARTMSP432E4.oem4f (.text:UARTMSP432E4_hwiIntFxn)
                  0000aa84    00000050                            : ADCBufMSP432E4.oem4f (.text:getPowerResourceId)
                  0000aad4    00000004     release_pem4f.oem4f (.text:ti_sysbios_family_arm_m3_TaskSupport_Module__startupDone__S)
                  0000aad8    00000050     sysbios.aem4f : BIOS.obj (.text:ti_sysbios_family_arm_m3_Hwi_Module_startup__E)
                  0000ab28    00000050                   : BIOS.obj (.text:ti_sysbios_knl_Clock_Instance_init__E)
                  0000ab78    0000004e     drivers_msp432e4.aem4f : TimerMSP432E4.oem4f (.text:TimerMSP432E4_stop)
                  0000abc6    00000002     --HOLE-- [fill = 0]
                  0000abc8    0000004e     infrastructure.obj (.text:error_unknown)
                  0000ac16    0000004e     drivers_msp432e4.aem4f : TimerMSP432E4.oem4f (.text:initHw)
                  0000ac64    0000004c                            : TimerMSP432E4.oem4f (.text:TimerMSP432E4_freeTimerResource)
                  0000acb0    0000004c                            : UARTMSP432E4.oem4f (.text:UARTMSP432E4_writePolling)
                  0000acfc    0000004c     rtsv7M4_T_le_v4SPD16_eabi.lib : atoi.c.obj (.text:atoi)
                  0000ad48    0000004c                                   : cpy_tbl.c.obj (.text:copy_in)
                  0000ad94    0000004c     infrastructure.obj (.text:getRegIn)
                  0000ade0    0000004c     drivers_msp432e4.aem4f : UARTMSP432E4.oem4f (.text:ringBufGet)
                  0000ae2c    00000004     release_pem4f.oem4f (.text:ti_sysbios_heaps_HeapMem_Module_GateProxy_enter__E)
                  0000ae30    0000004c     sysbios.aem4f : BIOS.obj (.text:ti_sysbios_heaps_HeapMem_getStats__E)
                  0000ae7c    00000004     release_pem4f.oem4f (.text:ti_sysbios_heaps_HeapMem_Module_GateProxy_leave__E)
                  0000ae80    0000004c     sysbios.aem4f : BIOS.obj (.text:ti_sysbios_knl_Swi_runLoop__I)
                  0000aecc    00000004     release_pem4f.oem4f (.text:ti_sysbios_knl_Clock_TimerProxy_getMaxTicks__E)
                  0000aed0    0000004c     sysbios.aem4f : BIOS.obj (.text:ti_sysbios_knl_Task_allBlockedFunction__I)
                  0000af1c    00000004     release_pem4f.oem4f (.text:ti_sysbios_knl_Clock_delete)
                  0000af20    0000004c     sysbios.aem4f : BIOS.obj (.text:ti_sysbios_knl_Task_schedule__I)
                  0000af6c    0000004c     msp432e4_driverlib.a : udma.o (.text:uDMAChannelAssign)
                  0000afb8    0000004c                          : udma.o (.text:uDMAChannelModeGet)
                  0000b004    0000004a     drivers_msp432e4.aem4f : ADCBufMSP432E4.oem4f (.text:ADCBufMSP432E4_convert)
                  0000b04e    00000002     --HOLE-- [fill = 0]
                  0000b050    00000048     Callbacks.obj (.text:Callback0_Timer0)
                  0000b098    00000048     drivers_msp432e4.aem4f : UARTMSP432E4.oem4f (.text:UARTMSP432E4_writeCancel)
                  0000b0e0    00000048     rtsv7M4_T_le_v4SPD16_eabi.lib : fd_toi_t2.asm.obj (.text)
                  0000b128    00000048     sysbios.aem4f : BIOS.obj (.text:ti_sysbios_family_arm_lm4_Timer_enableTimers__I)
                  0000b170    00000048                   : BIOS.obj (.text:ti_sysbios_family_arm_m3_Hwi_disableInterrupt__E)
                  0000b1b8    00000048                   : BIOS.obj (.text:ti_sysbios_family_arm_m3_Hwi_enableInterrupt__E)
                  0000b200    00000048                   : BIOS.obj (.text:ti_sysbios_knl_Mailbox_Module_startup__E)
                  0000b248    00000048                   : BIOS.obj (.text:ti_sysbios_knl_Task_deleteTerminatedTasksFunc__I)
                  0000b290    00000048                   : BIOS.obj (.text:xdc_runtime_Core_assignParams__I)
                  0000b2d8    00000046     drivers_msp432e4.aem4f : RingBuf.oem4f (.text:RingBuf_put)
                  0000b31e    00000046                            : TimerMSP432E4.oem4f (.text:getPrescaler)
                  0000b364    00000044                            : ADCBuf.oem4f (.text:ADCBuf_init)
                  0000b3a8    00000044     msp432e4_driverlib.a : gpio.o (.text:GPIOPinConfigure)
                  0000b3ec    00000044     drivers_msp432e4.aem4f : SPI.oem4f (.text:SPI_init)
                  0000b430    00000044     msp432e4_driverlib.a : sysctl.o (.text:SysCtlPeripheralPresent)
                  0000b474    00000044                          : sysctl.o (.text:SysCtlPeripheralReady)
                  0000b4b8    00000044     drivers_msp432e4.aem4f : Timer.oem4f (.text:Timer_init)
                  0000b4fc    00000044                            : UART.oem4f (.text:UART_init)
                  0000b540    00000044     sysbios.aem4f : BIOS.obj (.text:ti_sysbios_family_arm_lm4_Timer_isrStub__E)
                  0000b584    00000004     release_pem4f.oem4f (.text:ti_sysbios_knl_Semaphore_delete)
                  0000b588    00000044     sysbios.aem4f : BIOS.obj (.text:ti_sysbios_family_arm_m3_Hwi_getStackInfo__E)
                  0000b5cc    00000004     release_pem4f.oem4f (.text:ti_sysbios_knl_Task_delete)
                  0000b5d0    00000044     sysbios.aem4f : BIOS.obj (.text:ti_sysbios_knl_Mailbox_postInit__I)
                  0000b614    00000004     release_pem4f.oem4f (.text:xdc_runtime_System_Module_GateProxy_enter__E)
                  0000b618    00000044     sysbios.aem4f : BIOS.obj (.text:ti_sysbios_knl_Swi_post__E)
                  0000b65c    00000004     release_pem4f.oem4f (.text:xdc_runtime_System_Module_GateProxy_leave__E)
                  0000b660    00000044     sysbios.aem4f : BIOS.obj (.text:xdc_runtime_System_atexit__E)
                  0000b6a4    00000043     functionality.obj (.text:MSGParser_Print)
                  0000b6e7    00000001     --HOLE-- [fill = 0]
                  0000b6e8    00000040     drivers_msp432e4.aem4f : ADCBuf.oem4f (.text:ADCBuf_open)
                  0000b728    00000040     dpl_msp432e4.aem4f : ClockP_tirtos.oem4f (.text:ClockP_create)
                  0000b768    00000040                        : HwiP_tirtos.oem4f (.text:HwiP_create)
                  0000b7a8    00000040     drivers_msp432e4.aem4f : RingBuf.oem4f (.text:RingBuf_get)
                  0000b7e8    00000040                            : SPI.oem4f (.text:SPI_open)
                  0000b828    00000040     msp432e4_driverlib.a : sysctl.o (.text:SysCtlPeripheralDisable)
                  0000b868    00000040                          : sysctl.o (.text:SysCtlPeripheralEnable)
                  0000b8a8    00000040                          : sysctl.o (.text:SysCtlPeripheralPowerOff)
                  0000b8e8    00000040                          : sysctl.o (.text:SysCtlPeripheralPowerOn)
                  0000b928    00000040                          : sysctl.o (.text:SysCtlPeripheralSleepDisable)
                  0000b968    00000040                          : sysctl.o (.text:SysCtlPeripheralSleepEnable)
                  0000b9a8    00000040     drivers_msp432e4.aem4f : Timer.oem4f (.text:Timer_open)
                  0000b9e8    00000040                            : UARTMSP432E4.oem4f (.text:UARTMSP432E4_read)
                  0000ba28    00000040                            : UART.oem4f (.text:UART_open)
                  0000ba68    00000040                            : UDMAMSP432E4.oem4f (.text:UDMAMSP432E4_init)
                  0000baa8    00000040                            : SPIMSP432E4DMA.oem4f (.text:getPeripheralResetId)
                  0000bae8    00000040     rtsv7M4_T_le_v4SPD16_eabi.lib : sprintf.c.obj (.text:sprintf)
                  0000bb28    00000040     sysbios.aem4f : BIOS.obj (.text:ti_sysbios_family_arm_lm4_Timer_startup__E)
                  0000bb68    00000040                   : BIOS.obj (.text:ti_sysbios_heaps_HeapMem_Instance_init__E)
                  0000bba8    00000040     msp432e4_driverlib.a : udma.o (.text:uDMAInit)
                  0000bbe8    0000003e     rtsv7M4_T_le_v4SPD16_eabi.lib : _printfi.c.obj (.text:_fcpy)
                  0000bc26    00000002     --HOLE-- [fill = 0]
                  0000bc28    0000003c     dpl_msp432e4.aem4f : SemaphoreP_tirtos.oem4f (.text:SemaphoreP_create)
                  0000bc64    00000004     --HOLE-- [fill = 0]
                  0000bc68    0000003c     sysbios.aem4f : BIOS.obj (.text:ti_sysbios_family_arm_m3_Hwi_Instance_finalize__E)
                  0000bca4    0000003c     release_pem4f.oem4f (.text:ti_sysbios_knl_Clock_create)
                  0000bce0    0000003c     sysbios.aem4f : BIOS.obj (.text:ti_sysbios_knl_Swi_restore__E)
                  0000bd1c    0000003c     msp432e4_driverlib.a : udma.o (.text:uDMAChannelControlSet)
                  0000bd58    0000003c     sysbios.aem4f : BIOS.obj (.text:xdc_runtime_System_processAtExit__E)
                  0000bd94    00000038     drivers_msp432e4.aem4f : TimerMSP432E4.oem4f (.text:TimerMSP432E4_hwiIntFunction)
                  0000bdcc    00000004     --HOLE-- [fill = 0]
                  0000bdd0    00000038     sysbios.aem4f : BIOS.obj (.text:ti_sysbios_knl_Task_processVitalTaskFlag__I)
                  0000be08    00000036     drivers_msp432e4.aem4f : ADCBufMSP432E4.oem4f (.text:ADCBufMSP432E4_convertAdjustedToMicroVolts)
                  0000be3e    00000036     msp432e4_driverlib.a : timer.o (.text:TimerControlStall)
                  0000be74    00000036     drivers_msp432e4.aem4f : UARTMSP432E4.oem4f (.text:UARTMSP432E4_readCancel)
                  0000beaa    00000034                            : TimerMSP432E4.oem4f (.text:TimerMSP432E4_close)
                  0000bede    00000002     --HOLE-- [fill = 0]
                  0000bee0    00000034     sysbios.aem4f : BIOS.obj (.text:_pthread_delete$44)
                  0000bf14    00000034     drivers_msp432e4.aem4f : SPIMSP432E4DMA.oem4f (.text:getPowerMgrId)
                  0000bf48    00000034     rtsv7M4_T_le_v4SPD16_eabi.lib : strstr.c.obj (.text:strstr)
                  0000bf7c    00000034     release_pem4f.oem4f (.text:ti_sysbios_knl_Semaphore_create)
                  0000bfb0    00000032     sysbios.aem4f : BIOS.obj (.text:ti_sysbios_hal_Hwi_initStack)
                  0000bfe2    00000002     --HOLE-- [fill = 0]
                  0000bfe4    00000030     ti_drivers_config.obj (.text:Board_init)
                  0000c014    00000030     drivers_msp432e4.aem4f : GPIOMSP432E4.oem4f (.text:GPIOMSP432E4_undoPinConfig)
                  0000c044    00000030                            : GPIOMSP432E4.oem4f (.text:GPIO_enableInt)
                  0000c074    00000030                            : GPIOMSP432E4.oem4f (.text:GPIO_read)
                  0000c0a4    00000030     functionality.obj (.text:MSGParser_Uart)
                  0000c0d4    00000030     msp432e4_driverlib.a : uart.o (.text:UARTDisable)
                  0000c104    00000030     release_pem4f.oem4f (.text:ti_sysbios_BIOS_atExitFunc__I)
                  0000c134    00000030     release_pem4f.oem4f (.text:ti_sysbios_BIOS_startFunc__I)
                  0000c164    00000004     --HOLE-- [fill = 0]
                  0000c168    00000030     sysbios.aem4f : BIOS.obj (.text:ti_sysbios_family_arm_lm4_Timer_stop__E)
                  0000c198    00000030                   : BIOS.obj (.text:ti_sysbios_family_arm_m3_TaskSupport_start__E)
                  0000c1c8    00000030     release_pem4f.oem4f (.text:ti_sysbios_gates_GateHwi_Object__create__S)
                  0000c1f8    00000030     release_pem4f.oem4f (.text:ti_sysbios_gates_GateMutex_Object__create__S)
                  0000c228    00000030     sysbios.aem4f : BIOS.obj (.text:ti_sysbios_gates_GateMutex_enter__E)
                  0000c258    00000030     release_pem4f.oem4f (.text:ti_sysbios_gates_GateSwi_Object__create__S)
                  0000c288    00000030     release_pem4f.oem4f (.text:ti_sysbios_heaps_HeapMem_Object__create__S)
                  0000c2b8    00000030     release_pem4f.oem4f (.text:ti_sysbios_knl_Semaphore_construct)
                  0000c2e8    00000030     sysbios.aem4f : BIOS.obj (.text:ti_sysbios_knl_Semaphore_pendTimeout__I)
                  0000c318    00000030                   : BIOS.obj (.text:ti_sysbios_knl_Task_restore__E)
                  0000c348    00000030                   : BIOS.obj (.text:ti_sysbios_knl_Task_unblockI__E)
                  0000c378    0000002e     rtsv7M4_T_le_v4SPD16_eabi.lib : i_tofd_t2.asm.obj (.text)
                  0000c3a6    00000002     --HOLE-- [fill = 0]
                  0000c3a8    0000002c     dpl_msp432e4.aem4f : SemaphoreP_tirtos.oem4f (.text:SemaphoreP_createBinary)
                  0000c3d4    0000002c     msp432e4_driverlib.a : sysctl.o (.text:SysCtlPeripheralClockGating)
                  0000c400    0000002c     sysbios.aem4f : BIOS.obj (.text:_pthread_cleanupFxn)
                  0000c42c    0000002c     tasks.obj (.text:taskUART7)
                  0000c458    0000002c     release_pem4f.oem4f (.text:ti_sysbios_gates_GateHwi_Handle__label__S)
                  0000c484    0000002c     release_pem4f.oem4f (.text:ti_sysbios_gates_GateMutex_Handle__label__S)
                  0000c4b0    0000002c     release_pem4f.oem4f (.text:ti_sysbios_gates_GateSwi_Handle__label__S)
                  0000c4dc    0000002c     release_pem4f.oem4f (.text:ti_sysbios_heaps_HeapMem_Handle__label__S)
                  0000c508    0000002c     release_pem4f.oem4f (.text:ti_sysbios_knl_Clock_doTick__I)
                  0000c534    0000002c     release_pem4f.oem4f (.text:ti_sysbios_knl_Queue_construct)
                  0000c560    0000002a     msp432e4_driverlib.a : timer.o (.text:TimerLoadSet)
                  0000c58a    0000002a                          : timer.o (.text:TimerPrescaleSet)
                  0000c5b4    00000028     infrastructure.obj (.text:nextword)
                  0000c5dc    00000028     sysbios.aem4f : m3_Hwi_asm.obj (.text:ti_sysbios_family_arm_m3_Hwi_excHandlerAsm__I)
                  0000c604    00000004     --HOLE-- [fill = 0]
                  0000c608    00000028                   : BIOS.obj (.text:ti_sysbios_knl_Clock_addI__E)
                  0000c630    00000028                   : BIOS.obj (.text:ti_sysbios_knl_Swi_Module_startup__E)
                  0000c658    00000026                   : m3_Hwi_asm.obj (.text:ti_sysbios_family_arm_m3_Hwi_pendSV__I)
                  0000c67e    00000024     msp432e4_driverlib.a : gpio.o (.text:GPIOPinTypeADC)
                  0000c6a2    00000024                          : gpio.o (.text:GPIOPinTypeSSI)
                  0000c6c6    00000024                          : gpio.o (.text:GPIOPinTypeUART)
                  0000c6ea    00000024                          : uart.o (.text:UARTCharPutNonBlocking)
                  0000c70e    00000024                          : uart.o (.text:UARTEnable)
                  0000c732    00000002     --HOLE-- [fill = 0]
                  0000c734    00000024     release_pem4f.oem4f (.text:ti_sysbios_BIOS_registerRTSLock__I)
                  0000c758    00000024     release_pem4f.oem4f (.text:ti_sysbios_BIOS_removeRTSLock__I)
                  0000c77c    00000024     release_pem4f.oem4f (.text:ti_sysbios_gates_GateMutex_Object__delete__S)
                  0000c7a0    00000024     sysbios.aem4f : BIOS.obj (.text:ti_sysbios_knl_Clock_Module_startup__E)
                  0000c7c4    00000024     release_pem4f.oem4f (.text:ti_sysbios_knl_Clock_Object__delete__S)
                  0000c7e8    00000024     sysbios.aem4f : BIOS.obj (.text:ti_sysbios_knl_Clock_start__E)
                  0000c80c    00000004     --HOLE-- [fill = 0]
                  0000c810    00000024                   : BIOS.obj (.text:ti_sysbios_knl_Semaphore_Instance_init__E)
                  0000c834    00000024     release_pem4f.oem4f (.text:ti_sysbios_knl_Semaphore_Object__delete__S)
                  0000c858    00000024     sysbios.aem4f : BIOS.obj (.text:ti_sysbios_knl_Task_restoreHwi__E)
                  0000c87c    00000004     --HOLE-- [fill = 0]
                  0000c880    00000024                   : BIOS.obj (.text:xdc_runtime_Error_policyMin__E)
                  0000c8a4    00000022     msp432e4_driverlib.a : gpio.o (.text:GPIOIntStatus)
                  0000c8c6    00000002     --HOLE-- [fill = 0]
                  0000c8c8    00000022     sysbios.aem4f : BIOS.obj (.text:ti_sysbios_family_arm_lm4_Timer_write__I)
                  0000c8ea    00000020     msp432e4_driverlib.a : gpio.o (.text:GPIOPinWrite)
                  0000c90a    00000020     drivers_msp432e4.aem4f : RingBuf.oem4f (.text:RingBuf_peek)
                  0000c92a    00000020                            : GPIOMSP432E4.oem4f (.text:getGpioIntIndex)
                  0000c94a    00000020     rtsv7M4_T_le_v4SPD16_eabi.lib : u_tofd_t2.asm.obj (.text)
                  0000c96a    00000002     --HOLE-- [fill = 0]
                  0000c96c    00000020     release_pem4f.oem4f (.text:ti_sysbios_BIOS_rtsLock__I)
                  0000c98c    00000020     release_pem4f.oem4f (.text:ti_sysbios_family_arm_m3_Hwi_Object__delete__S)
                  0000c9ac    00000004     --HOLE-- [fill = 0]
                  0000c9b0    00000020     sysbios.aem4f : BIOS.obj (.text:ti_sysbios_family_arm_m3_Hwi_clearInterrupt__E)
                  0000c9d0    00000020     release_pem4f.oem4f (.text:ti_sysbios_gates_GateHwi_Object__delete__S)
                  0000c9f0    00000020     release_pem4f.oem4f (.text:ti_sysbios_gates_GateSwi_Object__delete__S)
                  0000ca10    00000020     release_pem4f.oem4f (.text:ti_sysbios_heaps_HeapMem_Object__delete__S)
                  0000ca30    00000020     sysbios.aem4f : BIOS.obj (.text:ti_sysbios_knl_Idle_run__E)
                  0000ca50    00000020     release_pem4f.oem4f (.text:ti_sysbios_knl_Semaphore_destruct)
                  0000ca70    00000020     release_pem4f.oem4f (.text:ti_sysbios_knl_Task_Object__delete__S)
                  0000ca90    0000001e     msp432e4_driverlib.a : adc.o (.text:ADCBusy)
                  0000caae    0000001e                          : ssi.o (.text:SSIBusy)
                  0000cacc    0000001e                          : ssi.o (.text:SSIIntStatus)
                  0000caea    0000001e                          : timer.o (.text:TimerDisable)
                  0000cb08    0000001e                          : timer.o (.text:TimerEnable)
                  0000cb26    0000001e                          : uart.o (.text:UARTBusy)
                  0000cb44    0000001e                          : uart.o (.text:UARTCharPut)
                  0000cb62    0000001e                          : uart.o (.text:UARTCharsAvail)
                  0000cb80    0000001e                          : uart.o (.text:UARTIntStatus)
                  0000cb9e    0000001e     rtsv7M4_T_le_v4SPD16_eabi.lib : strcat.c.obj (.text:strcat)
                  0000cbbc    0000001e     sysbios.aem4f : m3_Hwi_asm_switch.obj (.text:ti_sysbios_family_xxx_Hwi_switchAndRunFunc)
                  0000cbda    0000001c     msp432e4_driverlib.a : adc.o (.text:ADCReferenceSet)
                  0000cbf6    0000001c                          : ssi.o (.text:SSIDataGet)
                  0000cc12    0000001c                          : uart.o (.text:UARTCharGetNonBlocking)
                  0000cc2e    0000001c                          : uart.o (.text:UARTFlowControlSet)
                  0000cc4a    0000001c                          : uart.o (.text:UARTTxIntModeSet)
                  0000cc66    0000001c     infrastructure.obj (.text:eatspaces)
                  0000cc82    0000001c     rtsv7M4_T_le_v4SPD16_eabi.lib : memccpy.c.obj (.text:memccpy)
                  0000cc9e    00000002     --HOLE-- [fill = 0]
                  0000cca0    0000001c     sysbios.aem4f : BIOS.obj (.text:ti_sysbios_family_arm_m3_Hwi_excHandler__I)
                  0000ccbc    00000004     --HOLE-- [fill = 0]
                  0000ccc0    0000001c                   : BIOS.obj (.text:ti_sysbios_gates_GateMutex_Instance_init__E)
                  0000ccdc    00000004     --HOLE-- [fill = 0]
                  0000cce0    0000001c                   : BIOS.obj (.text:ti_sysbios_knl_Clock_Instance_finalize__E)
                  0000ccfc    0000001c     release_pem4f.oem4f (.text:ti_sysbios_knl_Queue_destruct)
                  0000cd18    0000001c     sysbios.aem4f : BIOS.obj (.text:ti_sysbios_knl_Queue_put__E)
                  0000cd34    00000004     --HOLE-- [fill = 0]
                  0000cd38    0000001c                   : BIOS.obj (.text:ti_sysbios_knl_Task_enter__I)
                  0000cd54    00000004     --HOLE-- [fill = 0]
                  0000cd58    0000001c                   : BIOS.obj (.text:ti_sysbios_rts_ti_ReentSupport_getReent__F)
                  0000cd74    0000001c     msp432e4_driverlib.a : udma.o (.text:uDMAChannelDisable)
                  0000cd90    0000001c                          : udma.o (.text:uDMAChannelEnable)
                  0000cdac    0000001c     infrastructure.obj (.text:write)
                  0000cdc8    0000001a     msp432e4_driverlib.a : adc.o (.text:ADCSequenceDisable)
                  0000cde2    0000001a                          : gpio.o (.text:GPIOIntEnable)
                  0000cdfc    0000001a                          : ssi.o (.text:SSIDataPut)
                  0000ce16    0000001a     rtsv7M4_T_le_v4SPD16_eabi.lib : s_copysign.c.obj (.text:copysign)
                  0000ce30    00000018     msp432e4_driverlib.a : gpio.o (.text:GPIOPinRead)
                  0000ce48    00000018     drivers_msp432e4.aem4f : PowerMSP432E4.oem4f (.text:Power_idleFunc)
                  0000ce60    00000018     msp432e4_driverlib.a : ssi.o (.text:SSIDMADisable)
                  0000ce78    00000018                          : ssi.o (.text:SSIDMAEnable)
                  0000ce90    00000018                          : ssi.o (.text:SSIIntDisable)
                  0000cea8    00000018                          : ssi.o (.text:SSIIntEnable)
                  0000cec0    00000018                          : timer.o (.text:TimerIntDisable)
                  0000ced8    00000018                          : timer.o (.text:TimerIntEnable)
                  0000cef0    00000018     drivers_msp432e4.aem4f : TimerMSP432E4.oem4f (.text:TimerMSP432E4_getCount)
                  0000cf08    00000018     msp432e4_driverlib.a : uart.o (.text:UARTFIFOLevelSet)
                  0000cf20    00000018                          : uart.o (.text:UARTIntDisable)
                  0000cf38    00000018                          : uart.o (.text:UARTIntEnable)
                  0000cf50    00000018     drivers_msp432e4.aem4f : UART.oem4f (.text:UART_Params_init)
                  0000cf68    00000018     rtsv7M4_T_le_v4SPD16_eabi.lib : args_main.c.obj (.text:_args_main)
                  0000cf80    00000018                                   : sprintf.c.obj (.text:_outs)
                  0000cf98    00000018                                   : strcmp.c.obj (.text:strcmp)
                  0000cfb0    00000018     release_pem4f.oem4f (.text:ti_sysbios_BIOS_rtsUnlock__I)
                  0000cfc8    00000018     release_pem4f.oem4f (.text:ti_sysbios_family_arm_lm4_Timer_Module__startupDone__F)
                  0000cfe0    00000018     release_pem4f.oem4f (.text:ti_sysbios_family_arm_m3_Hwi_Module__startupDone__F)
                  0000cff8    00000018     sysbios.aem4f : m3_TaskSupport_asm.obj (.text:ti_sysbios_family_arm_m3_TaskSupport_swap__E)
                  0000d010    00000018                   : BIOS.obj (.text:ti_sysbios_gates_GateMutex_leave__E)
                  0000d028    00000018     release_pem4f.oem4f (.text:ti_sysbios_rts_ti_ReentSupport_getTlsAddr__I)
                  0000d040    00000018     sysbios.aem4f : BIOS.obj (.text:xdc_runtime_Error_init__E)
                  0000d058    00000018                   : BIOS.obj (.text:xdc_runtime_System_exit__E)
                  0000d070    00000016     msp432e4_driverlib.a : ssi.o (.text:SSIDisable)
                  0000d086    00000016                          : ssi.o (.text:SSIEnable)
                  0000d09c    00000016                          : uart.o (.text:UARTCharGet)
                  0000d0b2    00000016     rtsv7M4_T_le_v4SPD16_eabi.lib : strchr.c.obj (.text:strchr)
                  0000d0c8    00000016     release_pem4f.oem4f (.text:ti_sysbios_BIOS_exitFunc__I)
                  0000d0de    00000002     --HOLE-- [fill = 0]
                  0000d0e0    00000014     drivers_msp432e4.aem4f : ADCBuf.oem4f (.text:ADCBuf_Params_init)
                  0000d0f4    00000014     msp432e4_driverlib.a : gpio.o (.text:GPIOIntClear)
                  0000d108    00000014     drivers_msp432e4.aem4f : GPIOMSP432E4.oem4f (.text:GPIOMSP432E4_getGpioBaseAddr)
                  0000d11c    00000014                            : GPIOMSP432E4.oem4f (.text:GPIOMSP432E4_getPowerResourceId)
                  0000d130    00000014                            : SPI.oem4f (.text:SPI_Params_init)
                  0000d144    00000014     rtsv7M4_T_le_v4SPD16_eabi.lib : strcpy.c.obj (.text:strcpy)
                  0000d158    00000014                                   : strlen.c.obj (.text:strlen)
                  0000d16c    00000014     release_pem4f.oem4f (.text:ti_sysbios_family_arm_m3_Hwi_Object__get__S)
                  0000d180    00000014     sysbios.aem4f : BIOS.obj (.text:ti_sysbios_family_arm_m3_Hwi_switchFromBootStack__E)
                  0000d194    00000014     release_pem4f.oem4f (.text:ti_sysbios_heaps_HeapMem_Object__get__S)
                  0000d1a8    00000014     release_pem4f.oem4f (.text:ti_sysbios_knl_Swi_Object__get__S)
                  0000d1bc    00000014     release_pem4f.oem4f (.text:ti_sysbios_knl_Task_Object__first__S)
                  0000d1d0    00000014     release_pem4f.oem4f (.text:ti_sysbios_knl_Task_Object__next__S)
                  0000d1e4    00000014     msp432e4_driverlib.a : udma.o (.text:uDMAControlBaseSet)
                  0000d1f8    00000012                          : adc.o (.text:ADCIntClearEx)
                  0000d20a    00000012                          : adc.o (.text:ADCPhaseDelaySet)
                  0000d21c    00000012     drivers_msp432e4.aem4f : RingBuf.oem4f (.text:RingBuf_construct)
                  0000d22e    00000012     msp432e4_driverlib.a : ssi.o (.text:SSIIntClear)
                  0000d240    00000012     dpl_msp432e4.aem4f : SemaphoreP_tirtos.oem4f (.text:SemaphoreP_pend)
                  0000d252    00000012     msp432e4_driverlib.a : timer.o (.text:TimerIntClear)
                  0000d264    00000012                          : uart.o (.text:UARTIntClear)
                  0000d276    00000012                          : uart.o (.text:UARTRxErrorGet)
                  0000d288    00000012     main_tirtos.obj (.text:main)
                  0000d29a    00000006     drivers_msp432e4.aem4f : ADCBufMSP432E4.oem4f (.text:ADCBufMSP432E4_adjustRawValues)
                  0000d2a0    00000012     sysbios.aem4f : BIOS.obj (.text:ti_sysbios_hal_Hwi_Module_startup__E)
                  0000d2b2    00000012     rtsv7M4_T_le_v4SPD16_eabi.lib : wcslen.c.obj (.text:wcslen)
                  0000d2c4    00000012     release_pem4f.oem4f (.text:xdc_runtime_Startup_exec__I)
                  0000d2d6    00000002     --HOLE-- [fill = 0]
                  0000d2d8    00000010     release_pem4f.oem4f (.text:.bootCodeSection:ti_sysbios_family_arm_msp432e4_init_Boot_init__I)
                  0000d2e8    00000010     Callbacks.obj (.text:Callback1_LeftSW1)
                  0000d2f8    00000010     Callbacks.obj (.text:Callback2_RightSW2)
                  0000d308    00000010     dpl_msp432e4.aem4f : HwiP_tirtos.oem4f (.text:HwiP_Params_init)
                  0000d318    00000010                        : PowerMSP432E4_tirtos.oem4f (.text:PowerMSP432E4_sleepPolicy)
                  0000d328    00000010     Callbacks.obj (.text:Ticker_Timer1)
                  0000d338    00000010     drivers_msp432e4.aem4f : Timer.oem4f (.text:Timer_Params_init)
                  0000d348    00000010     msp432e4_driverlib.a : uart.o (.text:UARTRxErrorClear)
                  0000d358    00000010     ti_drivers_config.obj (.text:dmaErrorFxn)
                  0000d368    00000010     rtsv7M4_T_le_v4SPD16_eabi.lib : isdigit.c.obj (.text:isdigit)
                  0000d378    00000010     drivers_msp432e4.aem4f : UARTMSP432E4.oem4f (.text:readBlockingTimeout)
                  0000d388    00000010     sysbios.aem4f : BIOS.obj (.text:ti_sysbios_BIOS_getCpuFreq__E)
                  0000d398    00000010                   : BIOS.obj (.text:ti_sysbios_BIOS_setThreadType__E)
                  0000d3a8    00000010                   : BIOS.obj (.text:ti_sysbios_BIOS_start__E)
                  0000d3b8    00000010                   : m3_TaskSupport_asm.obj (.text:ti_sysbios_family_arm_m3_TaskSupport_glue)
                  0000d3c8    00000010                   : BIOS.obj (.text:ti_sysbios_gates_GateMutex_Instance_finalize__E)
                  0000d3d8    00000010                   : BIOS.obj (.text:ti_sysbios_gates_GateSwi_enter__E)
                  0000d3e8    00000010     release_pem4f.oem4f (.text:ti_sysbios_knl_Mailbox_Object__get__S)
                  0000d3f8    00000010     sysbios.aem4f : BIOS.obj (.text:ti_sysbios_knl_Semaphore_Instance_finalize__E)
                  0000d408    00000010                   : BIOS.obj (.text:ti_sysbios_knl_Swi_disable__E)
                  0000d418    00000010     release_pem4f.oem4f (.text:ti_sysbios_knl_Task_Object__get__S)
                  0000d428    00000010     sysbios.aem4f : BIOS.obj (.text:ti_sysbios_knl_Task_disable__E)
                  0000d438    00000010     rtsv7M4_T_le_v4SPD16_eabi.lib : tolower.c.obj (.text:tolower)
                  0000d448    00000010     sysbios.aem4f : BIOS.obj (.text:xdc_runtime_Memory_free__E)
                  0000d458    00000010                   : BIOS.obj (.text:xdc_runtime_SysCallback_abort__E)
                  0000d468    00000010                   : BIOS.obj (.text:xdc_runtime_SysCallback_exit__E)
                  0000d478    0000000e     drivers_msp432e4.aem4f : ADCBuf.oem4f (.text:ADCBuf_convertAdjustedToMicroVolts)
                  0000d486    0000000e                            : RingBuf.oem4f (.text:RingBuf_isFull)
                  0000d494    0000000e     rtsv7M4_T_le_v4SPD16_eabi.lib : copy_decompress_none.c.obj (.text:decompress:none:__TI_decompress_none)
                  0000d4a2    00000006     drivers_msp432e4.aem4f : ADCBufMSP432E4.oem4f (.text:ADCBufMSP432E4_control)
                  0000d4a8    0000000e     sysbios.aem4f : BIOS.obj (.text:ti_sysbios_knl_Idle_loop__E)
                  0000d4b6    00000002     --HOLE-- [fill = 0]
                  0000d4b8    0000000e                   : BIOS.obj (.text:ti_sysbios_knl_Queue_empty__E)
                  0000d4c6    0000000c     dpl_msp432e4.aem4f : ClockP_tirtos.oem4f (.text:ClockP_delete)
                  0000d4d2    0000000c                        : HwiP_tirtos.oem4f (.text:HwiP_delete)
                  0000d4de    0000000c                        : SemaphoreP_tirtos.oem4f (.text:SemaphoreP_delete)
                  0000d4ea    00000002     --HOLE-- [fill = 0]
                  0000d4ec    0000000c     rtsv7M4_T_le_v4SPD16_eabi.lib : _lock.c.obj (.text:_register_lock)
                  0000d4f8    0000000c                                   : _lock.c.obj (.text:_register_unlock)
                  0000d504    0000000c                                   : copy_zero_init.c.obj (.text:decompress:ZI:__TI_zero_init)
                  0000d510    0000000c     sysbios.aem4f : BIOS.obj (.text:ti_sysbios_family_arm_lm4_Timer_getMaxTicks__E)
                  0000d51c    0000000c     release_pem4f.oem4f (.text:ti_sysbios_family_arm_m3_Hwi_Params__init__S)
                  0000d528    0000000c     sysbios.aem4f : BIOS.obj (.text:ti_sysbios_family_arm_m3_Hwi_disableFxn__E)
                  0000d534    00000004     --HOLE-- [fill = 0]
                  0000d538    0000000c                   : BIOS.obj (.text:ti_sysbios_gates_GateHwi_enter__E)
                  0000d544    00000004     --HOLE-- [fill = 0]
                  0000d548    0000000c                   : BIOS.obj (.text:ti_sysbios_gates_GateSwi_query__E)
                  0000d554    0000000c     release_pem4f.oem4f (.text:ti_sysbios_knl_Clock_Params__init__S)
                  0000d560    0000000c     release_pem4f.oem4f (.text:ti_sysbios_knl_Queue_Object__get__S)
                  0000d56c    0000000c     release_pem4f.oem4f (.text:ti_sysbios_knl_Semaphore_Params__init__S)
                  0000d578    0000000c     sysbios.aem4f : BIOS.obj (.text:ti_sysbios_knl_Task_self__E)
                  0000d584    00000004     --HOLE-- [fill = 0]
                  0000d588    0000000c                   : BIOS.obj (.text:ti_sysbios_rts_ti_ReentSupport_taskRegHook__I)
                  0000d594    0000000c     msp432e4_driverlib.a : udma.o (.text:uDMAControlBaseGet)
                  0000d5a0    0000000c                          : udma.o (.text:uDMAEnable)
                  0000d5ac    0000000c                          : udma.o (.text:uDMAErrorStatusClear)
                  0000d5b8    0000000c                          : udma.o (.text:uDMAErrorStatusGet)
                  0000d5c4    00000004     --HOLE-- [fill = 0]
                  0000d5c8    0000000c     sysbios.aem4f : BIOS.obj (.text:xdc_runtime_Startup_rtsDone__E)
                  0000d5d4    0000000a     drivers_msp432e4.aem4f : ADCBuf.oem4f (.text:ADCBuf_adjustRawValues)
                  0000d5de    0000000a                            : ADCBuf.oem4f (.text:ADCBuf_convert)
                  0000d5e8    0000000a                            : ADCBuf.oem4f (.text:ADCBuf_convertCancel)
                  0000d5f2    0000000a     dpl_msp432e4.aem4f : ClockP_tirtos.oem4f (.text:ClockP_Params_init)
                  0000d5fc    0000000a     main_tirtos.obj (.text:NDK_hookInit)
                  0000d606    0000000a     drivers_msp432e4.aem4f : SPI.oem4f (.text:SPI_transfer)
                  0000d610    0000000a                            : Timer.oem4f (.text:Timer_setPeriod)
                  0000d61a    0000000a                            : Timer.oem4f (.text:Timer_start)
                  0000d624    0000000a                            : UART.oem4f (.text:UART_read)
                  0000d62e    0000000a                            : UART.oem4f (.text:UART_write)
                  0000d638    0000000a     rtsv7M4_T_le_v4SPD16_eabi.lib : sprintf.c.obj (.text:_outc)
                  0000d642    0000000a     release_pem4f.oem4f (.text:xdc_runtime_IHeap_alloc)
                  0000d64c    0000000a     release_pem4f.oem4f (.text:xdc_runtime_IHeap_free)
                  0000d656    00000008     dpl_msp432e4.aem4f : SemaphoreP_tirtos.oem4f (.text:SemaphoreP_Params_init)
                  0000d65e    00000008     drivers_msp432e4.aem4f : ADCBufMSP432E4.oem4f (.text:blockingConvertCallback)
                  0000d666    00000008                            : SPIMSP432E4DMA.oem4f (.text:blockingTransferCallback)
                  0000d66e    00000008                            : UARTMSP432E4.oem4f (.text:readSemCallback)
                  0000d676    00000008     sysbios.aem4f : BIOS.obj (.text:ti_sysbios_family_arm_lm4_Timer_masterDisable__I)
                  0000d67e    00000002     --HOLE-- [fill = 0]
                  0000d680    00000008                   : BIOS.obj (.text:ti_sysbios_family_arm_m3_Hwi_doSwiRestore__I)
                  0000d688    00000008                   : BIOS.obj (.text:ti_sysbios_family_arm_m3_Hwi_startup__E)
                  0000d690    00000008     drivers_msp432e4.aem4f : UARTMSP432E4.oem4f (.text:writeSemCallback)
                  0000d698    00000006                            : SPIMSP432E4DMA.oem4f (.text:SPIMSP432E4DMA_control)
                  0000d69e    00000006                            : TimerMSP432E4.oem4f (.text:TimerMSP432E4_control)
                  0000d6a4    00000006                            : UDMAMSP432E4.oem4f (.text:UDMAMSP432E4_close)
                  0000d6aa    00000006     --HOLE-- [fill = 0]
                  0000d6b0    00000006     sysbios.aem4f : BIOS.obj (.text:ti_sysbios_family_arm_m3_Hwi_doTaskRestore__I)
                  0000d6b6    00000002     --HOLE-- [fill = 0]
                  0000d6b8    00000006                   : BIOS.obj (.text:ti_sysbios_family_arm_m3_Hwi_restoreFxn__E)
                  0000d6be    00000002     --HOLE-- [fill = 0]
                  0000d6c0    00000006                   : BIOS.obj (.text:ti_sysbios_gates_GateHwi_leave__E)
                  0000d6c6    00000002     --HOLE-- [fill = 0]
                  0000d6c8    00000006                   : BIOS.obj (.text:ti_sysbios_gates_GateSwi_leave__E)
                  0000d6ce    00000002     --HOLE-- [fill = 0]
                  0000d6d0    00000006                   : BIOS.obj (.text:ti_sysbios_heaps_HeapMem_isBlocking__E)
                  0000d6d6    00000002     --HOLE-- [fill = 0]
                  0000d6d8    00000006                   : BIOS.obj (.text:ti_sysbios_knl_Clock_stop__E)
                  0000d6de    00000002     --HOLE-- [fill = 0]
                  0000d6e0    00000006                   : BIOS.obj (.text:ti_sysbios_knl_Queue_Instance_init__E)
                  0000d6e6    00000002     --HOLE-- [fill = 0]
                  0000d6e8    00000006                   : BIOS.obj (.text:ti_sysbios_knl_Swi_startup__E)
                  0000d6ee    00000002     --HOLE-- [fill = 0]
                  0000d6f0    00000006                   : BIOS.obj (.text:xdc_runtime_System_Module_startup__E)
                  0000d6f6    00000002     --HOLE-- [fill = 0]
                  0000d6f8    00000004                   : BIOS.obj (.text:__aeabi_errno_addr)
                  0000d6fc    00000004     --HOLE-- [fill = 0]
                  0000d700    00000004                   : BIOS.obj (.text:ti_sysbios_gates_GateHwi_query__E)
                  0000d704    00000004     --HOLE-- [fill = 0]
                  0000d708    00000004                   : BIOS.obj (.text:ti_sysbios_gates_GateMutex_query__E)
                  0000d70c    00000004     --HOLE-- [fill = 0]
                  0000d710    00000004                   : BIOS.obj (.text:ti_sysbios_knl_Clock_setTimeout__E)
                  0000d714    00000004     --HOLE-- [fill = 0]
                  0000d718    00000004                   : BIOS.obj (.text:ti_sysbios_knl_Task_startup__E)
                  0000d71c    00000004     --HOLE-- [fill = 0]
                  0000d720    00000002                   : BIOS.obj (.text:ti_sysbios_BIOS_linkedWithIncorrectBootLibrary__E)
                  0000d722    00000006     --HOLE-- [fill = 0]
                  0000d728    00000002                   : BIOS.obj (.text:ti_sysbios_gates_GateHwi_Instance_init__E)
                  0000d72a    00000006     --HOLE-- [fill = 0]
                  0000d730    00000002                   : BIOS.obj (.text:ti_sysbios_gates_GateSwi_Instance_init__E)
                  0000d732    00000006     --HOLE-- [fill = 0]
                  0000d738    00000002                   : BIOS.obj (.text:ti_sysbios_knl_Clock_logTick__E)
                  0000d73a    00000006     --HOLE-- [fill = 0]
                  0000d740    00000002                   : BIOS.obj (.text:xdc_runtime_SysCallback_defaultAbort)
                  0000d742    00000006     --HOLE-- [fill = 0]
                  0000d748    00000002                   : BIOS.obj (.text:xdc_runtime_SysCallback_defaultExit)
                  0000d74a    00000006     --HOLE-- [fill = 0]
                  0000d750    00000002                   : BIOS.obj (.text:xdc_runtime_System_abortSpin__E)
                  0000d752    00000006     --HOLE-- [fill = 0]
                  0000d758    00000002                   : BIOS.obj (.text:xdc_runtime_System_exitSpin__E)

.const     0    0000d75c    00000df8     
                  0000d75c    00000210     sysbios.aem4f : BIOS.obj (.const:$O2$$)
                  0000d96c    00000202     SinLUT.obj (.const:$P$T0$1)
                  0000db6e    00000101     rtsv7M4_T_le_v4SPD16_eabi.lib : ctype.c.obj (.const:.string:_ctypes_)
                  0000dc6f    00000001     release_pem4f.oem4f (.const:xdc_runtime_Error_policy__C)
                  0000dc70    00000066     infrastructure.obj (.const:.string)
                  0000dcd6    00000002     release_pem4f.oem4f (.const:ti_sysbios_family_arm_m3_Hwi_Module__id__C)
                  0000dcd8    00000058     ti_drivers_config.obj (.const:uartMSP432E4HWAttrs)
                  0000dd30    00000048     msp432e4_driverlib.a : gpio.o (.const:g_pui32GPIOBaseAddrs)
                  0000dd78    00000048     drivers_msp432e4.aem4f : GPIOMSP432E4.oem4f (.const:gpioBaseAddresses)
                  0000ddc0    00000048                            : GPIOMSP432E4.oem4f (.const:powerMgrIds)
                  0000de08    0000003c     release_pem4f.oem4f (.const)
                  0000de44    0000003c     release_pem4f.oem4f (.const:ti_sysbios_knl_Task_Object__PARAMS__C)
                  0000de80    00000030     ti_drivers_config.obj (.const:spiMSP432E4DMAHWAttrs)
                  0000deb0    00000030     release_pem4f.oem4f (.const:ti_sysbios_family_arm_m3_Hwi_Object__PARAMS__C)
                  0000dee0    00000030     release_pem4f.oem4f (.const:ti_sysbios_knl_Task_hooks__A)
                  0000df10    00000028     drivers_msp432e4.aem4f : UARTMSP432E4.oem4f (.const:UARTMSP432E4_fxnTable)
                  0000df38    00000028     release_pem4f.oem4f (.const:ti_sysbios_heaps_HeapMem_Module__FXNS__C)
                  0000df60    00000024     drivers_msp432e4.aem4f : ADCBufMSP432E4.oem4f (.const:ADCBufMSP432E4_fxnTable)
                  0000df84    00000024                            : UART.oem4f (.const:UART_defaultParams)
                  0000dfa8    00000024     release_pem4f.oem4f (.const:ti_sysbios_gates_GateHwi_Module__FXNS__C)
                  0000dfcc    00000024     release_pem4f.oem4f (.const:ti_sysbios_gates_GateMutex_Module__FXNS__C)
                  0000dff0    00000024     release_pem4f.oem4f (.const:ti_sysbios_gates_GateSwi_Module__FXNS__C)
                  0000e014    00000024     release_pem4f.oem4f (.const:ti_sysbios_heaps_HeapMem_Object__PARAMS__C)
                  0000e038    00000024     release_pem4f.oem4f (.const:ti_sysbios_knl_Clock_Object__PARAMS__C)
                  0000e05c    00000024     release_pem4f.oem4f (.const:ti_sysbios_knl_Semaphore_Object__PARAMS__C)
                  0000e080    00000020     drivers_msp432e4.aem4f : GPIOMSP432E4.oem4f (.const:.string:gpioInterruptVectors)
                  0000e0a0    00000020                            : SPI.oem4f (.const:SPI_defaultParams)
                  0000e0c0    00000020                            : TimerMSP432E4.oem4f (.const:TimerMSP432E4_fxnTable)
                  0000e0e0    00000020     ti_drivers_config.obj (.const:adcbufMSP432E4HWAttrs)
                  0000e100    00000020     drivers_msp432e4.aem4f : UARTMSP432E4.oem4f (.const:staticFxnTable)
                  0000e120    00000020     release_pem4f.oem4f (.const:ti_sysbios_family_arm_m3_Hwi_Object__DESC__C)
                  0000e140    00000020     release_pem4f.oem4f (.const:ti_sysbios_gates_GateHwi_Object__DESC__C)
                  0000e160    00000020     release_pem4f.oem4f (.const:ti_sysbios_gates_GateMutex_Object__DESC__C)
                  0000e180    00000020     release_pem4f.oem4f (.const:ti_sysbios_gates_GateSwi_Object__DESC__C)
                  0000e1a0    00000020     release_pem4f.oem4f (.const:ti_sysbios_heaps_HeapMem_Object__DESC__C)
                  0000e1c0    00000020     release_pem4f.oem4f (.const:ti_sysbios_knl_Clock_Object__DESC__C)
                  0000e1e0    00000020     release_pem4f.oem4f (.const:ti_sysbios_knl_Queue_Object__DESC__C)
                  0000e200    00000020     release_pem4f.oem4f (.const:ti_sysbios_knl_Semaphore_Object__DESC__C)
                  0000e220    00000020     release_pem4f.oem4f (.const:ti_sysbios_knl_Task_Object__DESC__C)
                  0000e240    00000020     ti_drivers_config.obj (.const:timerMSP432E4HWAttrs)
                  0000e260    00000020     drivers_msp432e4.aem4f : ADCBufMSP432E4.oem4f (.const:udmaChannels)
                  0000e280    00000020     release_pem4f.oem4f (.const:xdc_runtime_Startup_sfxnTab__A)
                  0000e2a0    00000018     drivers_msp432e4.aem4f : ADCBuf.oem4f (.const:ADCBuf_defaultParams)
                  0000e2b8    00000018                            : SPIMSP432E4DMA.oem4f (.const:SPIMSP432E4DMA_fxnTable)
                  0000e2d0    00000018     ti_drivers_config.obj (.const:Timer_config)
                  0000e2e8    00000018     ti_drivers_config.obj (.const:UART_config)
                  0000e300    00000018     release_pem4f.oem4f (.const:ti_sysbios_gates_GateHwi_Object__PARAMS__C)
                  0000e318    00000018     release_pem4f.oem4f (.const:ti_sysbios_gates_GateMutex_Object__PARAMS__C)
                  0000e330    00000018     release_pem4f.oem4f (.const:ti_sysbios_gates_GateSwi_Object__PARAMS__C)
                  0000e348    00000018     release_pem4f.oem4f (.const:ti_sysbios_knl_Queue_Object__PARAMS__C)
                  0000e360    00000014     infrastructure.obj (.const:$P$T0$1)
                  0000e374    00000014     ti_drivers_config.obj (.const:GPIOMSP432E4_config)
                  0000e388    00000014     drivers_msp432e4.aem4f : UARTMSP432E4.oem4f (.const:parityType)
                  0000e39c    00000013     ti_drivers_config.obj (.const)
                  0000e3af    00000001     --HOLE-- [fill = 0]
                  0000e3b0    00000010     drivers_msp432e4.aem4f : UARTMSP432E4.oem4f (.const:dataLength)
                  0000e3c0    00000010     release_pem4f.oem4f (.const:xdc_runtime_Startup_firstFxns__A)
                  0000e3d0    00000010     release_pem4f.oem4f (.const:xdc_runtime_Startup_sfxnRts__A)
                  0000e3e0    0000000c     ti_drivers_config.obj (.const:ADCBuf_config)
                  0000e3ec    0000000c     ti_drivers_config.obj (.const:SPI_config)
                  0000e3f8    0000000c     drivers_msp432e4.aem4f : Timer.oem4f (.const:defaultParams)
                  0000e404    0000000c     release_pem4f.oem4f (.const:ti_sysbios_knl_Idle_funcList__A)
                  0000e410    0000000c     ti_drivers_config.obj (.const:udmaMSP432E4HWAttrs)
                  0000e41c    00000008     ti_drivers_config.obj (.const:PowerMSP432E4_config)
                  0000e424    00000008     ti_drivers_config.obj (.const:UDMAMSP432E4_config)
                  0000e42c    00000008     drivers_msp432e4.aem4f : ADCBufMSP432E4.oem4f (.const:adcInterrupts)
                  0000e434    00000008                            : SPIMSP432E4DMA.oem4f (.const:dmaNullConfig)
                  0000e43c    00000008                            : SPIMSP432E4DMA.oem4f (.const:dmaRxConfig)
                  0000e444    00000008                            : SPIMSP432E4DMA.oem4f (.const:dmaTxConfig)
                  0000e44c    00000008                            : UARTMSP432E4.oem4f (.const:stopBits)
                  0000e454    00000008     release_pem4f.oem4f (.const:ti_sysbios_knl_Idle_funcList__C)
                  0000e45c    00000008     release_pem4f.oem4f (.const:ti_sysbios_knl_Task_hooks__C)
                  0000e464    00000008     release_pem4f.oem4f (.const:xdc_runtime_Startup_firstFxns__C)
                  0000e46c    00000008     release_pem4f.oem4f (.const:xdc_runtime_Startup_lastFxns__C)
                  0000e474    00000007     drivers_msp432e4.aem4f : GPIOMSP432E4.oem4f (.const:.string:outPinStrengths)
                  0000e47b    00000006                            : GPIOMSP432E4.oem4f (.const:.string:interruptType)
                  0000e481    00000005                            : SPIMSP432E4DMA.oem4f (.const:.string:frameFormat)
                  0000e486    00000004                            : ADCBufMSP432E4.oem4f (.const:.string:adcMaxSamples)
                  0000e48a    00000004                            : GPIOMSP432E4.oem4f (.const:.string:outPinTypes)
                  0000e48e    00000002     release_pem4f.oem4f (.const:ti_sysbios_heaps_HeapMem_Module__id__C)
                  0000e490    00000004     release_pem4f.oem4f (.const:ti_sysbios_family_arm_lm4_Timer_enableFunc__C)
                  0000e494    00000004     release_pem4f.oem4f (.const:ti_sysbios_family_arm_lm4_Timer_numTimerDevices__C)
                  0000e498    00000004     release_pem4f.oem4f (.const:ti_sysbios_family_arm_lm4_Timer_startupNeeded__C)
                  0000e49c    00000004     release_pem4f.oem4f (.const:ti_sysbios_family_arm_m3_Hwi_E_alreadyDefined__C)
                  0000e4a0    00000004     release_pem4f.oem4f (.const:ti_sysbios_family_arm_m3_Hwi_E_badIntNum__C)
                  0000e4a4    00000004     release_pem4f.oem4f (.const:ti_sysbios_family_arm_m3_Hwi_NUM_INTERRUPTS__C)
                  0000e4a8    00000004     release_pem4f.oem4f (.const:ti_sysbios_family_arm_m3_Hwi_Object__count__C)
                  0000e4ac    00000004     release_pem4f.oem4f (.const:ti_sysbios_family_arm_m3_Hwi_ccr__C)
                  0000e4b0    00000004     release_pem4f.oem4f (.const:ti_sysbios_family_arm_m3_Hwi_excHandlerFunc__C)
                  0000e4b4    00000004     release_pem4f.oem4f (.const:ti_sysbios_family_arm_m3_Hwi_nullIsrFunc__C)
                  0000e4b8    00000004     release_pem4f.oem4f (.const:ti_sysbios_family_arm_m3_Hwi_priGroup__C)
                  0000e4bc    00000004     release_pem4f.oem4f (.const:ti_sysbios_gates_GateMutex_Instance_State_sem__O)
                  0000e4c0    00000004     release_pem4f.oem4f (.const:ti_sysbios_heaps_HeapMem_E_memory__C)
                  0000e4c4    00000004     release_pem4f.oem4f (.const:ti_sysbios_heaps_HeapMem_Module__gateObj__C)
                  0000e4c8    00000004     release_pem4f.oem4f (.const:ti_sysbios_heaps_HeapMem_Object__count__C)
                  0000e4cc    00000004     release_pem4f.oem4f (.const:ti_sysbios_heaps_HeapMem_primaryHeapBaseAddr__C)
                  0000e4d0    00000004     release_pem4f.oem4f (.const:ti_sysbios_heaps_HeapMem_primaryHeapEndAddr__C)
                  0000e4d4    00000004     release_pem4f.oem4f (.const:ti_sysbios_heaps_HeapMem_reqAlign__C)
                  0000e4d8    00000004     release_pem4f.oem4f (.const:ti_sysbios_knl_Clock_Module_State_clockQ__O)
                  0000e4dc    00000004     release_pem4f.oem4f (.const:ti_sysbios_knl_Mailbox_Instance_State_freeQue__O)
                  0000e4e0    00000004     release_pem4f.oem4f (.const:ti_sysbios_knl_Mailbox_Object__count__C)
                  0000e4e4    00000004     release_pem4f.oem4f (.const:ti_sysbios_knl_Mailbox_maxTypeAlign__C)
                  0000e4e8    00000004     release_pem4f.oem4f (.const:ti_sysbios_knl_Semaphore_Instance_State_pendQ__O)
                  0000e4ec    00000004     release_pem4f.oem4f (.const:ti_sysbios_knl_Swi_Object__count__C)
                  0000e4f0    00000004     release_pem4f.oem4f (.const:ti_sysbios_knl_Task_E_deleteNotAllowed__C)
                  0000e4f4    00000004     release_pem4f.oem4f (.const:ti_sysbios_knl_Task_Module_State_inactiveQ__O)
                  0000e4f8    00000004     release_pem4f.oem4f (.const:ti_sysbios_knl_Task_Module_State_terminatedQ__O)
                  0000e4fc    00000004     release_pem4f.oem4f (.const:ti_sysbios_knl_Task_Object__count__C)
                  0000e500    00000004     release_pem4f.oem4f (.const:ti_sysbios_knl_Task_Object__heap__C)
                  0000e504    00000004     release_pem4f.oem4f (.const:ti_sysbios_knl_Task_allBlockedFunc__C)
                  0000e508    00000004     release_pem4f.oem4f (.const:ti_sysbios_knl_Task_numConstructedTasks__C)
                  0000e50c    00000004     release_pem4f.oem4f (.const:xdc_runtime_Error_E_memory__C)
                  0000e510    00000004     release_pem4f.oem4f (.const:xdc_runtime_Error_policyFxn__C)
                  0000e514    00000004     release_pem4f.oem4f (.const:xdc_runtime_IGateProvider_Interface__BASE__C)
                  0000e518    00000004     release_pem4f.oem4f (.const:xdc_runtime_IHeap_Interface__BASE__C)
                  0000e51c    00000004     release_pem4f.oem4f (.const:xdc_runtime_IModule_Interface__BASE__C)
                  0000e520    00000004     release_pem4f.oem4f (.const:xdc_runtime_Memory_defaultHeapInstance__C)
                  0000e524    00000004     release_pem4f.oem4f (.const:xdc_runtime_Startup_execImpl__C)
                  0000e528    00000004     release_pem4f.oem4f (.const:xdc_runtime_Startup_maxPasses__C)
                  0000e52c    00000004     release_pem4f.oem4f (.const:xdc_runtime_Startup_sfxnRts__C)
                  0000e530    00000004     release_pem4f.oem4f (.const:xdc_runtime_Startup_sfxnTab__C)
                  0000e534    00000004     release_pem4f.oem4f (.const:xdc_runtime_SysCallback_abortFxn__C)
                  0000e538    00000004     release_pem4f.oem4f (.const:xdc_runtime_SysCallback_exitFxn__C)
                  0000e53c    00000004     release_pem4f.oem4f (.const:xdc_runtime_System_Module__gateObj__C)
                  0000e540    00000004     release_pem4f.oem4f (.const:xdc_runtime_System_abortFxn__C)
                  0000e544    00000004     release_pem4f.oem4f (.const:xdc_runtime_System_exitFxn__C)
                  0000e548    00000004     release_pem4f.oem4f (.const:xdc_runtime_System_maxAtexitHandlers__C)
                  0000e54c    00000003     drivers_msp432e4.aem4f : GPIOMSP432E4.oem4f (.const:.string:inPinTypes)
                  0000e54f    00000001     --HOLE-- [fill = 0]
                  0000e550    00000002     release_pem4f.oem4f (.const:ti_sysbios_knl_Task_Module__id__C)
                  0000e552    00000002     release_pem4f.oem4f (.const:xdc_runtime_Memory_Module__id__C)

.cinit     0    0000e558    000003d8     
                  0000e558    000003af     (.cinit..data.load) [load image, compression = lzss]
                  0000e907    00000001     --HOLE-- [fill = 0]
                  0000e908    0000000c     (__TI_handler_table)
                  0000e914    00000004     --HOLE-- [fill = 0]
                  0000e918    00000008     (.cinit..bss.load) [load image, compression = zero_init]
                  0000e920    00000010     (__TI_cinit_table)

.init_array 
*          0    00000000    00000000     UNINITIALIZED

.bss       0    20020400    00005df0     UNINITIALIZED
                  20020400    00003570     (.common:Glo)
                  20023970    00001e00     release_pem4f.oem4f (.bss:taskStackSection)
                  20025770    00000090     drivers_msp432e4.aem4f : GPIOMSP432E4.oem4f (.bss:gpioCallbackInfo)
                  20025800    00000400     ti_drivers_config.obj (.bss:dmaControlTable)
                  20025c00    00000360     (.common:ti_sysbios_family_arm_m3_Hwi_dispatchTable)
                  20025f60    000000c8     (.common:uartMSP432E4Objects)
                  20026028    00000094     (.common:adcbufMSP432E4Objects)
                  200260bc    00000068     (.common:timerMSP432E4Objects)
                  20026124    00000044     (.common:spiMSP432E4DMAObjects)
                  20026168    00000020     ti_drivers_config.obj (.bss:uartMSP432E4RingBuffer0)
                  20026188    00000020     ti_drivers_config.obj (.bss:uartMSP432E4RingBuffer1)
                  200261a8    00000010     drivers_msp432e4.aem4f : ADCBufMSP432E4.oem4f (.bss:timerSettings)
                  200261b8    00000008     (.common:ti_sysbios_knl_Task_Instance_State_0_hookEnv__A)
                  200261c0    00000008     (.common:ti_sysbios_knl_Task_Instance_State_1_hookEnv__A)
                  200261c8    00000008     (.common:ti_sysbios_knl_Task_Instance_State_2_hookEnv__A)
                  200261d0    00000008     (.common:ti_sysbios_knl_Task_Instance_State_3_hookEnv__A)
                  200261d8    00000008     (.common:ti_sysbios_knl_Task_Instance_State_4_hookEnv__A)
                  200261e0    00000008     (.common:udmaMSP432E4Object)
                  200261e8    00000004                            : GPIOMSP432E4.oem4f (.bss)
                  200261ec    00000004                            : TimerMSP432E4.oem4f (.bss:timerState)

.data      0    200261f0    000008bd     UNINITIALIZED
                  200261f0    0000017c     release_pem4f.oem4f (.data:ti_sysbios_knl_Task_Object__table__V)
                  2002636c    0000016c     drivers_msp432e4.aem4f : PowerMSP432E4.oem4f (.data:PowerMSP432E4_module)
                  200264d8    000000f0     release_pem4f.oem4f (.data:ti_sysbios_knl_Swi_Object__table__V)
                  200265c8    0000008c     sysbios.aem4f : BIOS.obj (.data:$O1$$)
                  20026654    00000080     release_pem4f.oem4f (.data:ti_sysbios_knl_Swi_Module_State_0_readyQ__A)
[...]
0000d5f3  ClockP_Params_init                                              
0000d5fd  NDK_hookInit                                                    
0000d607  SPI_transfer                                                    
0000d611  Timer_setPeriod                                                 
0000d61b  Timer_start                                                     
0000d625  UART_read                                                       
0000d62f  UART_write                                                      
0000d643  xdc_runtime_Memory_HeapProxy_alloc__E                           
0000d64d  xdc_runtime_Memory_HeapProxy_free__E                            
0000d657  SemaphoreP_Params_init                                          
0000d677  ti_sysbios_family_arm_lm4_Timer_masterDisable__I                
0000d681  ti_sysbios_family_arm_m3_Hwi_doSwiRestore__I                    
0000d689  ti_sysbios_family_arm_m3_Hwi_startup__E                         
0000d689  ti_sysbios_hal_Hwi_HwiProxy_startup__E                          
0000d689  ti_sysbios_hal_Hwi_startup__E                                   
0000d699  SPIMSP432E4DMA_control                                          
0000d69f  TimerMSP432E4_control                                           
0000d6a5  UDMAMSP432E4_close                                              
0000d6b1  ti_sysbios_family_arm_m3_Hwi_doTaskRestore__I                   
0000d6b9  HwiP_restore                                                    
0000d6b9  ti_sysbios_family_arm_m3_Hwi_restoreFxn__E                      
0000d6b9  ti_sysbios_hal_Hwi_HwiProxy_restore__E                          
0000d6c1  ti_sysbios_gates_GateHwi_leave__E                               
0000d6c9  ti_sysbios_gates_GateSwi_leave__E                               
0000d6d1  ti_sysbios_heaps_HeapMem_isBlocking__E                          
0000d6d9  ti_sysbios_knl_Clock_stop__E                                    
0000d6e1  ti_sysbios_knl_Queue_Instance_init__E                           
0000d6e9  ti_sysbios_knl_Swi_startup__E                                   
0000d6f1  xdc_runtime_System_Module_startup__E                            
0000d6f9  __aeabi_errno_addr                                              
0000d701  ti_sysbios_gates_GateHwi_query__E                               
0000d701  xdc_runtime_Main_Module_GateProxy_query__E                      
0000d701  xdc_runtime_System_Module_GateProxy_query__E                    
0000d709  ti_sysbios_BIOS_RtsGateProxy_query__E                           
0000d709  ti_sysbios_gates_GateMutex_query__E                             
0000d709  ti_sysbios_heaps_HeapMem_Module_GateProxy_query__E              
0000d711  ti_sysbios_knl_Clock_setTimeout__E                              
0000d719  ti_sysbios_knl_Task_startup__E                                  
0000d721  ti_sysbios_BIOS_linkedWithIncorrectBootLibrary__E               
0000d729  ti_sysbios_gates_GateHwi_Instance_init__E                       
0000d731  ti_sysbios_gates_GateSwi_Instance_init__E                       
0000d739  ti_sysbios_knl_Clock_logTick__E                                 
0000d741  xdc_runtime_SysCallback_defaultAbort                            
0000d749  xdc_runtime_SysCallback_defaultExit                             
0000d751  xdc_runtime_System_abortSpin__E                                 
0000d759  xdc_runtime_System_exitSpin__E                                  
0000db6e  _ctypes_                                                        
0000dc6f  xdc_runtime_Error_policy__C                                     
0000dcd6  ti_sysbios_family_arm_m3_Hwi_Module__id__C                      
0000de08  heap0                                                           
0000de0c  task0                                                           
0000de10  task1                                                           
0000de14  gateSwi0                                                        
0000de18  semaphore0                                                      
0000de1c  gateSwi1                                                        
0000de20  swi0                                                            
0000de24  swi1                                                            
0000de28  swi2                                                            
0000de2c  swi3                                                            
0000de30  gateSwi2                                                        
0000de34  task2                                                           
0000de38  task3                                                           
0000de3c  semaphore1                                                      
0000de40  tiposix_mqGate                                                  
0000de44  ti_sysbios_knl_Task_Object__PARAMS__C                           
0000de80  spiMSP432E4DMAHWAttrs                                           
0000deb0  ti_sysbios_family_arm_m3_Hwi_Object__PARAMS__C                  
0000dee0  ti_sysbios_knl_Task_hooks__A                                    
0000df10  UARTMSP432E4_fxnTable                                           
0000df38  ti_sysbios_heaps_HeapMem_Module__FXNS__C                        
0000df60  ADCBufMSP432E4_fxnTable                                         
0000df84  UART_defaultParams                                              
0000dfa8  ti_sysbios_gates_GateHwi_Module__FXNS__C                        
0000dfcc  ti_sysbios_gates_GateMutex_Module__FXNS__C                      
0000dff0  ti_sysbios_gates_GateSwi_Module__FXNS__C                        
0000e014  ti_sysbios_heaps_HeapMem_Object__PARAMS__C                      
0000e038  ti_sysbios_knl_Clock_Object__PARAMS__C                          
0000e05c  ti_sysbios_knl_Semaphore_Object__PARAMS__C                      
0000e0a0  SPI_defaultParams                                               
0000e0c0  TimerMSP432E4_fxnTable                                          
0000e0e0  adcbufMSP432E4HWAttrs                                           
0000e120  ti_sysbios_family_arm_m3_Hwi_Object__DESC__C                    
0000e140  ti_sysbios_gates_GateHwi_Object__DESC__C                        
0000e160  ti_sysbios_gates_GateMutex_Object__DESC__C                      
0000e180  ti_sysbios_gates_GateSwi_Object__DESC__C                        
0000e1a0  ti_sysbios_heaps_HeapMem_Object__DESC__C                        
0000e1c0  ti_sysbios_knl_Clock_Object__DESC__C                            
0000e1e0  ti_sysbios_knl_Queue_Object__DESC__C                            
0000e200  ti_sysbios_knl_Semaphore_Object__DESC__C                        
0000e220  ti_sysbios_knl_Task_Object__DESC__C                             
0000e240  timerMSP432E4HWAttrs                                            
0000e280  xdc_runtime_Startup_sfxnTab__A                                  
0000e2a0  ADCBuf_defaultParams                                            
0000e2b8  SPIMSP432E4DMA_fxnTable                                         
0000e2d0  Timer_config                                                    
0000e2e8  UART_config                                                     
0000e300  ti_sysbios_gates_GateHwi_Object__PARAMS__C                      
0000e318  ti_sysbios_gates_GateMutex_Object__PARAMS__C                    
0000e330  ti_sysbios_gates_GateSwi_Object__PARAMS__C                      
0000e348  ti_sysbios_knl_Queue_Object__PARAMS__C                          
0000e374  GPIOMSP432E4_config                                             
0000e39c  CONFIG_ADCBUF_0_CONST                                           
0000e39d  ADCBUF_CHANNEL_0_CONST                                          
0000e39e  ADCBuf_count                                                    
0000e39f  CONFIG_GPIO_0_CONST                                             
0000e3a0  CONFIG_GPIO_1_CONST                                             
0000e3a1  CONFIG_GPIO_2_CONST                                             
0000e3a2  CONFIG_GPIO_3_CONST                                             
0000e3a3  CONFIG_GPIO_4_CONST                                             
0000e3a4  CONFIG_GPIO_5_CONST                                             
0000e3a5  CONFIG_GPIO_6_CONST                                             
0000e3a6  CONFIG_GPIO_7_CONST                                             
0000e3a7  CONFIG_SPI_0_CONST                                              
0000e3a8  SPI_count                                                       
0000e3a9  CONFIG_TIMER_0_CONST                                            
0000e3aa  CONFIG_TIMER_1_CONST                                            
0000e3ab  Timer_count                                                     
0000e3ac  CONFIG_UART_0_CONST                                             
0000e3ad  CONFIG_UART_1_CONST                                             
0000e3ae  UART_count                                                      
0000e3c0  xdc_runtime_Startup_firstFxns__A                                
0000e3d0  xdc_runtime_Startup_sfxnRts__A                                  
0000e3e0  ADCBuf_config                                                   
0000e3ec  SPI_config                                                      
0000e404  ti_sysbios_knl_Idle_funcList__A                                 
0000e410  udmaMSP432E4HWAttrs                                             
0000e41c  PowerMSP432E4_config                                            
0000e424  UDMAMSP432E4_config                                             
0000e454  ti_sysbios_knl_Idle_funcList__C                                 
0000e45c  ti_sysbios_knl_Task_hooks__C                                    
0000e464  xdc_runtime_Startup_firstFxns__C                                
0000e46c  xdc_runtime_Startup_lastFxns__C                                 
0000e48e  ti_sysbios_heaps_HeapMem_Module__id__C                          
0000e490  ti_sysbios_family_arm_lm4_Timer_enableFunc__C                   
0000e494  ti_sysbios_family_arm_lm4_Timer_numTimerDevices__C              
0000e498  ti_sysbios_family_arm_lm4_Timer_startupNeeded__C                
0000e49c  ti_sysbios_family_arm_m3_Hwi_E_alreadyDefined__C                
0000e4a0  ti_sysbios_family_arm_m3_Hwi_E_badIntNum__C                     
0000e4a4  ti_sysbios_family_arm_m3_Hwi_NUM_INTERRUPTS__C                  
0000e4a8  ti_sysbios_family_arm_m3_Hwi_Object__count__C                   
0000e4ac  ti_sysbios_family_arm_m3_Hwi_ccr__C                             
0000e4b0  ti_sysbios_family_arm_m3_Hwi_excHandlerFunc__C                  
0000e4b4  ti_sysbios_family_arm_m3_Hwi_nullIsrFunc__C                     
0000e4b8  ti_sysbios_family_arm_m3_Hwi_priGroup__C                        
0000e4bc  ti_sysbios_gates_GateMutex_Instance_State_sem__O                
0000e4c0  ti_sysbios_heaps_HeapMem_E_memory__C                            
0000e4c4  ti_sysbios_heaps_HeapMem_Module__gateObj__C                     
0000e4c8  ti_sysbios_heaps_HeapMem_Object__count__C                       
0000e4cc  ti_sysbios_heaps_HeapMem_primaryHeapBaseAddr__C                 
0000e4d0  ti_sysbios_heaps_HeapMem_primaryHeapEndAddr__C                  
0000e4d4  ti_sysbios_heaps_HeapMem_reqAlign__C                            
0000e4d8  ti_sysbios_knl_Clock_Module_State_clockQ__O                     
0000e4dc  ti_sysbios_knl_Mailbox_Instance_State_freeQue__O                
0000e4e0  ti_sysbios_knl_Mailbox_Object__count__C                         
0000e4e4  ti_sysbios_knl_Mailbox_maxTypeAlign__C                          
0000e4e8  ti_sysbios_knl_Semaphore_Instance_State_pendQ__O                
0000e4ec  ti_sysbios_knl_Swi_Object__count__C                             
0000e4f0  ti_sysbios_knl_Task_E_deleteNotAllowed__C                       
0000e4f4  ti_sysbios_knl_Task_Module_State_inactiveQ__O                   
0000e4f8  ti_sysbios_knl_Task_Module_State_terminatedQ__O                 
0000e4fc  ti_sysbios_knl_Task_Object__count__C                            
0000e500  ti_sysbios_knl_Task_Object__heap__C                             
0000e504  ti_sysbios_knl_Task_allBlockedFunc__C                           
0000e508  ti_sysbios_knl_Task_numConstructedTasks__C                      
0000e50c  xdc_runtime_Error_E_memory__C                                   
0000e510  xdc_runtime_Error_policyFxn__C                                  
0000e514  xdc_runtime_IGateProvider_Interface__BASE__C                    
0000e518  xdc_runtime_IHeap_Interface__BASE__C                            
0000e51c  xdc_runtime_IModule_Interface__BASE__C                          
0000e520  xdc_runtime_Memory_defaultHeapInstance__C                       
0000e524  xdc_runtime_Startup_execImpl__C                                 
0000e528  xdc_runtime_Startup_maxPasses__C                                
0000e52c  xdc_runtime_Startup_sfxnRts__C                                  
0000e530  xdc_runtime_Startup_sfxnTab__C                                  
0000e534  xdc_runtime_SysCallback_abortFxn__C                             
0000e538  xdc_runtime_SysCallback_exitFxn__C                              
0000e53c  xdc_runtime_System_Module__gateObj__C                           
0000e540  xdc_runtime_System_abortFxn__C                                  
0000e544  xdc_runtime_System_exitFxn__C                                   
0000e548  xdc_runtime_System_maxAtexitHandlers__C                         
0000e550  ti_sysbios_knl_Task_Module__id__C                               
0000e552  xdc_runtime_Memory_Module__id__C                                
0000e558  __TI_static_base__                                              
0000e908  __TI_Handler_Table_Base                                         
0000e914  __TI_Handler_Table_Limit                                        
0000e920  __TI_CINIT_Base                                                 
0000e930  __TI_CINIT_Limit                                                
00020000  HEAPSIZE                                                        
20000000  __start___llvm_prf_cnts                                         
20000000  __stop___llvm_prf_cnts                                          
20000000  ti_sysbios_family_arm_m3_Hwi_ramVectors                         
20000360  __primary_heap_start__                                          
20020360  __primary_heap_end__                                            
20020400  Glo                                                             
20023970  ti_sysbios_knl_Task_Instance_State_0_stack__A                   
20024970  ti_sysbios_knl_Task_Instance_State_1_stack__A                   
20025170  ti_sysbios_knl_Task_Instance_State_2_stack__A                   
20025370  ti_sysbios_knl_Task_Instance_State_3_stack__A                   
20025570  ti_sysbios_knl_Task_Instance_State_4_stack__A                   
20025c00  ti_sysbios_family_arm_m3_Hwi_dispatchTable                      
20025f60  uartMSP432E4Objects                                             
20026028  adcbufMSP432E4Objects                                           
200260bc  timerMSP432E4Objects                                            
20026124  spiMSP432E4DMAObjects                                           
200261b8  ti_sysbios_knl_Task_Instance_State_0_hookEnv__A                 
200261c0  ti_sysbios_knl_Task_Instance_State_1_hookEnv__A                 
200261c8  ti_sysbios_knl_Task_Instance_State_2_hookEnv__A                 
200261d0  ti_sysbios_knl_Task_Instance_State_3_hookEnv__A                 
200261d8  ti_sysbios_knl_Task_Instance_State_4_hookEnv__A                 
200261e0  udmaMSP432E4Object                                              
200261f0  ti_sysbios_knl_Task_Object__table__V                            
2002636c  PowerMSP432E4_module                                            
200264d8  ti_sysbios_knl_Swi_Object__table__V                             
20026654  ti_sysbios_knl_Swi_Module_State_0_readyQ__A                     
200266d4  ti_sysbios_knl_Task_Module_State_0_readyQ__A                    
20026754  ti_sysbios_gates_GateMutex_Object__table__V                     
200267a8  ti_sysbios_knl_Task_Module__state__V                            
200267ec  ti_sysbios_family_arm_lm4_Timer_Module_State_0_device__A        
2002682c  ti_sysbios_family_arm_lm4_Timer_Object__table__V                
2002686c  ti_sysbios_family_arm_m3_Hwi_Module__state__V                   
200268a0  ti_sysbios_knl_Clock_Module__state__V                           
200268cc  ti_sysbios_knl_Semaphore_Object__table__V                       
200268f4  ti_sysbios_BIOS_Module__state__V                                
20026918  gpioCallbackFunctions                                           
20026938  gpioPinConfigs                                                  
20026958  ti_sysbios_family_arm_lm4_Timer_Module_State_0_handles__A       
20026978  xdc_runtime_Error_IgnoreBlock                                   
20026998  ti_sysbios_knl_Swi_Module__state__V                             
200269b4  ti_sysbios_family_arm_m3_Hwi_Object__table__V                   
200269cc  ti_sysbios_heaps_HeapMem_Object__table__V                       
200269e4  adcBuf0MSP432E4Channels                                         
200269f4  ti_sysbios_family_arm_lm4_Timer_Module__state__V                
20026a00  ti_sysbios_gates_GateSwi_Object__table__V                       
20026a0c  _lock                                                           
20026a10  _unlock                                                         
20026a1c  ti_sysbios_family_arm_m3_Hwi_Module__root__V                    
20026a24  ti_sysbios_gates_GateHwi_Module__root__V                        
20026a2c  ti_sysbios_gates_GateMutex_Module__root__V                      
20026a34  ti_sysbios_gates_GateSwi_Module__root__V                        
20026a3c  ti_sysbios_heaps_HeapMem_Module__root__V                        
20026a44  ti_sysbios_knl_Clock_Module__root__V                            
20026a4c  ti_sysbios_knl_Queue_Module__root__V                            
20026a54  ti_sysbios_knl_Semaphore_Module__root__V                        
20026a5c  ti_sysbios_knl_Task_Module__root__V                             
20026a64  xdc_runtime_Startup_Module__state__V                            
20026a6c  xdc_runtime_System_Module_State_0_atexitHandlers__A             
20026a74  xdc_runtime_System_Module__state__V                             
20026a84  main_func_sp                                                    
20026a8c  ti_sysbios_family_arm_m3_Hwi_Module_State_0_excContext__A       
20026a90  ti_sysbios_family_arm_m3_Hwi_Module_State_0_excStack__A         
20026a94  ti_sysbios_gates_GateHwi_Object__table__V                       
20026a98  ti_sysbios_knl_Task_Module_State_0_idleTask__A                  
20026a9c  ti_sysbios_rts_ti_ReentSupport_Module__state__V                 
20026aa4  xdc_runtime_Memory_Module__state__V                             
20026aa8  ti_sysbios_family_arm_m3_Hwi_Module_State_0_excActive__A        
2003fc00  __stack                                                         
20040000  __STACK_END                                                     
e000e000  ti_sysbios_family_arm_m3_Hwi_nvic                               
ffffffff  __TI_pprof_out_hndl                                             
ffffffff  __TI_prof_data_size                                             
ffffffff  __TI_prof_data_start                                            
ffffffff  __binit__                                                       
ffffffff  __c_args__                                                      
ffffffff  binit                                                           
UNDEFED   SHT$$INIT_ARRAY$$Base                                           
UNDEFED   SHT$$INIT_ARRAY$$Limit                                          

[776 symbols]
